Archive member included to satisfy reference by file (symbol)

c:/program files (x86)/atollic/truestudio for stm32 9.3.0/armtools/bin/../lib/gcc/arm-atollic-eabi/6.3.1/../../../../arm-atollic-eabi/lib/armv7e-m/fpu\libc_nano.a(lib_a-errno.o)
                              Core\Src\syscalls.o (__errno)
c:/program files (x86)/atollic/truestudio for stm32 9.3.0/armtools/bin/../lib/gcc/arm-atollic-eabi/6.3.1/../../../../arm-atollic-eabi/lib/armv7e-m/fpu\libc_nano.a(lib_a-impure.o)
                              c:/program files (x86)/atollic/truestudio for stm32 9.3.0/armtools/bin/../lib/gcc/arm-atollic-eabi/6.3.1/../../../../arm-atollic-eabi/lib/armv7e-m/fpu\libc_nano.a(lib_a-errno.o) (_impure_ptr)
c:/program files (x86)/atollic/truestudio for stm32 9.3.0/armtools/bin/../lib/gcc/arm-atollic-eabi/6.3.1/../../../../arm-atollic-eabi/lib/armv7e-m/fpu\libc_nano.a(lib_a-init.o)
                              startup\startup_stm32l496xx.o (__libc_init_array)
c:/program files (x86)/atollic/truestudio for stm32 9.3.0/armtools/bin/../lib/gcc/arm-atollic-eabi/6.3.1/../../../../arm-atollic-eabi/lib/armv7e-m/fpu\libc_nano.a(lib_a-malloc.o)
                              Middlewares\ST\STM32_USB_Host_Library\Class\HID\Src\usbh_hid.o (malloc)
c:/program files (x86)/atollic/truestudio for stm32 9.3.0/armtools/bin/../lib/gcc/arm-atollic-eabi/6.3.1/../../../../arm-atollic-eabi/lib/armv7e-m/fpu\libc_nano.a(lib_a-memset.o)
                              Core\Src\main.o (memset)
c:/program files (x86)/atollic/truestudio for stm32 9.3.0/armtools/bin/../lib/gcc/arm-atollic-eabi/6.3.1/../../../../arm-atollic-eabi/lib/armv7e-m/fpu\libc_nano.a(lib_a-nano-freer.o)
                              c:/program files (x86)/atollic/truestudio for stm32 9.3.0/armtools/bin/../lib/gcc/arm-atollic-eabi/6.3.1/../../../../arm-atollic-eabi/lib/armv7e-m/fpu\libc_nano.a(lib_a-malloc.o) (_free_r)
c:/program files (x86)/atollic/truestudio for stm32 9.3.0/armtools/bin/../lib/gcc/arm-atollic-eabi/6.3.1/../../../../arm-atollic-eabi/lib/armv7e-m/fpu\libc_nano.a(lib_a-nano-mallocr.o)
                              c:/program files (x86)/atollic/truestudio for stm32 9.3.0/armtools/bin/../lib/gcc/arm-atollic-eabi/6.3.1/../../../../arm-atollic-eabi/lib/armv7e-m/fpu\libc_nano.a(lib_a-malloc.o) (_malloc_r)
c:/program files (x86)/atollic/truestudio for stm32 9.3.0/armtools/bin/../lib/gcc/arm-atollic-eabi/6.3.1/../../../../arm-atollic-eabi/lib/armv7e-m/fpu\libc_nano.a(lib_a-printf.o)
                              Middlewares\ST\STM32_USB_Host_Library\Class\HID\Src\usbh_hid.o (printf)
c:/program files (x86)/atollic/truestudio for stm32 9.3.0/armtools/bin/../lib/gcc/arm-atollic-eabi/6.3.1/../../../../arm-atollic-eabi/lib/armv7e-m/fpu\libc_nano.a(lib_a-putchar.o)
                              Middlewares\ST\STM32_USB_Host_Library\Class\HID\Src\usbh_hid.o (putchar)
c:/program files (x86)/atollic/truestudio for stm32 9.3.0/armtools/bin/../lib/gcc/arm-atollic-eabi/6.3.1/../../../../arm-atollic-eabi/lib/armv7e-m/fpu\libc_nano.a(lib_a-sbrkr.o)
                              c:/program files (x86)/atollic/truestudio for stm32 9.3.0/armtools/bin/../lib/gcc/arm-atollic-eabi/6.3.1/../../../../arm-atollic-eabi/lib/armv7e-m/fpu\libc_nano.a(lib_a-nano-mallocr.o) (_sbrk_r)
c:/program files (x86)/atollic/truestudio for stm32 9.3.0/armtools/bin/../lib/gcc/arm-atollic-eabi/6.3.1/../../../../arm-atollic-eabi/lib/armv7e-m/fpu\libc_nano.a(lib_a-sprintf.o)
                              Core\Src\main.o (sprintf)
c:/program files (x86)/atollic/truestudio for stm32 9.3.0/armtools/bin/../lib/gcc/arm-atollic-eabi/6.3.1/../../../../arm-atollic-eabi/lib/armv7e-m/fpu\libc_nano.a(lib_a-strlen.o)
                              Core\Src\main.o (strlen)
c:/program files (x86)/atollic/truestudio for stm32 9.3.0/armtools/bin/../lib/gcc/arm-atollic-eabi/6.3.1/../../../../arm-atollic-eabi/lib/armv7e-m/fpu\libc_nano.a(lib_a-findfp.o)
                              c:/program files (x86)/atollic/truestudio for stm32 9.3.0/armtools/bin/../lib/gcc/arm-atollic-eabi/6.3.1/../../../../arm-atollic-eabi/lib/armv7e-m/fpu\libc_nano.a(lib_a-printf.o) (__sinit)
c:/program files (x86)/atollic/truestudio for stm32 9.3.0/armtools/bin/../lib/gcc/arm-atollic-eabi/6.3.1/../../../../arm-atollic-eabi/lib/armv7e-m/fpu\libc_nano.a(lib_a-fwalk.o)
                              c:/program files (x86)/atollic/truestudio for stm32 9.3.0/armtools/bin/../lib/gcc/arm-atollic-eabi/6.3.1/../../../../arm-atollic-eabi/lib/armv7e-m/fpu\libc_nano.a(lib_a-findfp.o) (_fwalk)
c:/program files (x86)/atollic/truestudio for stm32 9.3.0/armtools/bin/../lib/gcc/arm-atollic-eabi/6.3.1/../../../../arm-atollic-eabi/lib/armv7e-m/fpu\libc_nano.a(lib_a-mlock.o)
                              c:/program files (x86)/atollic/truestudio for stm32 9.3.0/armtools/bin/../lib/gcc/arm-atollic-eabi/6.3.1/../../../../arm-atollic-eabi/lib/armv7e-m/fpu\libc_nano.a(lib_a-nano-freer.o) (__malloc_lock)
[...]
Memory Configuration

Name             Origin             Length             Attributes
RAM              0x20000000         0x00040000         xrw
RAM2             0x10000000         0x00010000         xrw
FLASH            0x08000000         0x00100000         xr
*default*        0x00000000         0xffffffff

Linker script and memory map

LOAD c:/program files (x86)/atollic/truestudio for stm32 9.3.0/armtools/bin/../lib/gcc/arm-atollic-eabi/6.3.1/armv7e-m/fpu/crti.o
LOAD c:/program files (x86)/atollic/truestudio for stm32 9.3.0/armtools/bin/../lib/gcc/arm-atollic-eabi/6.3.1/armv7e-m/fpu/crtbegin.o
LOAD Core\Src\main.o
LOAD Core\Src\stm32l4xx_hal_msp.o
LOAD Core\Src\stm32l4xx_it.o
LOAD Core\Src\syscalls.o
LOAD Core\Src\system_stm32l4xx.o
LOAD Drivers\STM32L4xx_HAL_Driver\Src\stm32l4xx_hal.o
LOAD Drivers\STM32L4xx_HAL_Driver\Src\stm32l4xx_hal_cortex.o
LOAD Drivers\STM32L4xx_HAL_Driver\Src\stm32l4xx_hal_dma.o
LOAD Drivers\STM32L4xx_HAL_Driver\Src\stm32l4xx_hal_dma_ex.o
LOAD Drivers\STM32L4xx_HAL_Driver\Src\stm32l4xx_hal_exti.o
LOAD Drivers\STM32L4xx_HAL_Driver\Src\stm32l4xx_hal_flash.o
LOAD Drivers\STM32L4xx_HAL_Driver\Src\stm32l4xx_hal_flash_ex.o
LOAD Drivers\STM32L4xx_HAL_Driver\Src\stm32l4xx_hal_flash_ramfunc.o
LOAD Drivers\STM32L4xx_HAL_Driver\Src\stm32l4xx_hal_gpio.o
LOAD Drivers\STM32L4xx_HAL_Driver\Src\stm32l4xx_hal_hcd.o
LOAD Drivers\STM32L4xx_HAL_Driver\Src\stm32l4xx_hal_i2c.o
LOAD Drivers\STM32L4xx_HAL_Driver\Src\stm32l4xx_hal_i2c_ex.o
LOAD Drivers\STM32L4xx_HAL_Driver\Src\stm32l4xx_hal_pwr.o
LOAD Drivers\STM32L4xx_HAL_Driver\Src\stm32l4xx_hal_pwr_ex.o
LOAD Drivers\STM32L4xx_HAL_Driver\Src\stm32l4xx_hal_rcc.o
LOAD Drivers\STM32L4xx_HAL_Driver\Src\stm32l4xx_hal_rcc_ex.o
LOAD Drivers\STM32L4xx_HAL_Driver\Src\stm32l4xx_hal_tim.o
LOAD Drivers\STM32L4xx_HAL_Driver\Src\stm32l4xx_hal_tim_ex.o
LOAD Drivers\STM32L4xx_HAL_Driver\Src\stm32l4xx_hal_uart.o
LOAD Drivers\STM32L4xx_HAL_Driver\Src\stm32l4xx_hal_uart_ex.o
LOAD Drivers\STM32L4xx_HAL_Driver\Src\stm32l4xx_ll_usb.o
LOAD Middlewares\ST\STM32_USB_Host_Library\Class\HID\Src\usbh_hid.o
LOAD Middlewares\ST\STM32_USB_Host_Library\Class\HID\Src\usbh_hid_keybd.o
LOAD Middlewares\ST\STM32_USB_Host_Library\Class\HID\Src\usbh_hid_mouse.o
LOAD Middlewares\ST\STM32_USB_Host_Library\Class\HID\Src\usbh_hid_parser.o
LOAD Middlewares\ST\STM32_USB_Host_Library\Core\Src\usbh_core.o
LOAD Middlewares\ST\STM32_USB_Host_Library\Core\Src\usbh_ctlreq.o
LOAD Middlewares\ST\STM32_USB_Host_Library\Core\Src\usbh_ioreq.o
LOAD Middlewares\ST\STM32_USB_Host_Library\Core\Src\usbh_pipes.o
LOAD USB_HOST\App\usb_host.o
LOAD USB_HOST\Target\usbh_conf.o
LOAD USB_HOST\Target\usbh_platform.o
LOAD startup\startup_stm32l496xx.o
                0x00000080                malloc_getpagesize_P = 0x80
START GROUP
LOAD c:/program files (x86)/atollic/truestudio for stm32 9.3.0/armtools/bin/../lib/gcc/arm-atollic-eabi/6.3.1/../../../../arm-atollic-eabi/lib/armv7e-m/fpu\libc_nano.a
LOAD c:/program files (x86)/atollic/truestudio for stm32 9.3.0/armtools/bin/../lib/gcc/arm-atollic-eabi/6.3.1/../../../../arm-atollic-eabi/lib/armv7e-m/fpu\libm.a
END GROUP
START GROUP
LOAD c:/program files (x86)/atollic/truestudio for stm32 9.3.0/armtools/bin/../lib/gcc/arm-atollic-eabi/6.3.1/armv7e-m/fpu\libgcc.a
LOAD c:/program files (x86)/atollic/truestudio for stm32 9.3.0/armtools/bin/../lib/gcc/arm-atollic-eabi/6.3.1/../../../../arm-atollic-eabi/lib/armv7e-m/fpu\libc_nano.a
END GROUP
START GROUP
LOAD c:/program files (x86)/atollic/truestudio for stm32 9.3.0/armtools/bin/../lib/gcc/arm-atollic-eabi/6.3.1/armv7e-m/fpu\libgcc.a
LOAD c:/program files (x86)/atollic/truestudio for stm32 9.3.0/armtools/bin/../lib/gcc/arm-atollic-eabi/6.3.1/../../../../arm-atollic-eabi/lib/armv7e-m/fpu\libc_nano.a
LOAD c:/program files (x86)/atollic/truestudio for stm32 9.3.0/armtools/bin/../lib/gcc/arm-atollic-eabi/6.3.1/../../../../arm-atollic-eabi/lib/armv7e-m/fpu\libnosys.a
END GROUP
START GROUP
LOAD c:/program files (x86)/atollic/truestudio for stm32 9.3.0/armtools/bin/../lib/gcc/arm-atollic-eabi/6.3.1/armv7e-m/fpu\libgcc.a
LOAD c:/program files (x86)/atollic/truestudio for stm32 9.3.0/armtools/bin/../lib/gcc/arm-atollic-eabi/6.3.1/../../../../arm-atollic-eabi/lib/armv7e-m/fpu\libc_nano.a
LOAD c:/program files (x86)/atollic/truestudio for stm32 9.3.0/armtools/bin/../lib/gcc/arm-atollic-eabi/6.3.1/../../../../arm-atollic-eabi/lib/armv7e-m/fpu\libnosys.a
END GROUP
LOAD c:/program files (x86)/atollic/truestudio for stm32 9.3.0/armtools/bin/../lib/gcc/arm-atollic-eabi/6.3.1/armv7e-m/fpu/crtend.o
LOAD c:/program files (x86)/atollic/truestudio for stm32 9.3.0/armtools/bin/../lib/gcc/arm-atollic-eabi/6.3.1/armv7e-m/fpu/crtn.o
                0x20040000                _estack = (ORIGIN (RAM) + LENGTH (RAM))
                0x00000200                _Min_Heap_Size = 0x200
                0x00000400                _Min_Stack_Size = 0x400

.isr_vector     0x08000000      0x1ac
                0x08000000                . = ALIGN (0x4)
 *(.isr_vector)
 .isr_vector    0x08000000      0x1ac startup\startup_stm32l496xx.o
                0x08000000                g_pfnVectors
                0x080001ac                . = ALIGN (0x4)

.text           0x080001b0     0x986c
                0x080001b0                . = ALIGN (0x4)
 *(.text)
 .text          0x080001b0       0x40 c:/program files (x86)/atollic/truestudio for stm32 9.3.0/armtools/bin/../lib/gcc/arm-atollic-eabi/6.3.1/armv7e-m/fpu/crtbegin.o
 .text          0x080001f0       0x10 c:/program files (x86)/atollic/truestudio for stm32 9.3.0/armtools/bin/../lib/gcc/arm-atollic-eabi/6.3.1/../../../../arm-atollic-eabi/lib/armv7e-m/fpu\libc_nano.a(lib_a-strlen.o)
                0x080001f0                strlen
 .text          0x08000200       0xa0 c:/program files (x86)/atollic/truestudio for stm32 9.3.0/armtools/bin/../lib/gcc/arm-atollic-eabi/6.3.1/../../../../arm-atollic-eabi/lib/armv7e-m/fpu\libc_nano.a(lib_a-memchr.o)
                0x08000200                memchr
 .text          0x080002a0       0x30 c:/program files (x86)/atollic/truestudio for stm32 9.3.0/armtools/bin/../lib/gcc/arm-atollic-eabi/6.3.1/armv7e-m/fpu\libgcc.a(_aeabi_uldivmod.o)
                0x080002a0                __aeabi_uldivmod
 .text          0x080002d0      0x2dc c:/program files (x86)/atollic/truestudio for stm32 9.3.0/armtools/bin/../lib/gcc/arm-atollic-eabi/6.3.1/armv7e-m/fpu\libgcc.a(_udivmoddi4.o)
                0x080002d0                __udivmoddi4
 .text          0x080005ac        0x4 c:/program files (x86)/atollic/truestudio for stm32 9.3.0/armtools/bin/../lib/gcc/arm-atollic-eabi/6.3.1/armv7e-m/fpu\libgcc.a(_dvmd_tls.o)
                0x080005ac                __aeabi_idiv0
                0x080005ac                __aeabi_ldiv0
 *(.text*)
 .text.USBH_HID_EventCallback
                0x080005b0       0xe4 Core\Src\main.o
                0x080005b0                USBH_HID_EventCallback
 .text.main     0x08000694       0x34 Core\Src\main.o
                0x08000694                main
 .text.SystemClock_Config
                0x080006c8       0xc8 Core\Src\main.o
                0x080006c8                SystemClock_Config
 .text.MX_LPUART1_UART_Init
                0x08000790       0x58 Core\Src\main.o
 .text.MX_GPIO_Init
                0x080007e8      0x134 Core\Src\main.o
 .text.__io_putchar
                0x0800091c       0x2c Core\Src\main.o
                0x0800091c                __io_putchar
 .text._write   0x08000948       0x38 Core\Src\main.o
                0x08000948                _write
 .text.Error_Handler
                0x08000980        0x8 Core\Src\main.o
                0x08000980                Error_Handler
 .text.HAL_MspInit
                0x08000988       0x48 Core\Src\stm32l4xx_hal_msp.o
                0x08000988                HAL_MspInit
 .text.HAL_UART_MspInit
                0x080009d0       0xc0 Core\Src\stm32l4xx_hal_msp.o
                0x080009d0                HAL_UART_MspInit
 .text.NMI_Handler
                0x08000a90        0x6 Core\Src\stm32l4xx_it.o
                0x08000a90                NMI_Handler
 .text.HardFault_Handler
                0x08000a96        0x6 Core\Src\stm32l4xx_it.o
                0x08000a96                HardFault_Handler
 .text.MemManage_Handler
                0x08000a9c        0x6 Core\Src\stm32l4xx_it.o
                0x08000a9c                MemManage_Handler
 .text.BusFault_Handler
                0x08000aa2        0x6 Core\Src\stm32l4xx_it.o
                0x08000aa2                BusFault_Handler
 .text.UsageFault_Handler
                0x08000aa8        0x6 Core\Src\stm32l4xx_it.o
                0x08000aa8                UsageFault_Handler
 .text.SVC_Handler
                0x08000aae        0xe Core\Src\stm32l4xx_it.o
                0x08000aae                SVC_Handler
 .text.DebugMon_Handler
                0x08000abc        0xe Core\Src\stm32l4xx_it.o
                0x08000abc                DebugMon_Handler
 .text.PendSV_Handler
                0x08000aca        0xe Core\Src\stm32l4xx_it.o
                0x08000aca                PendSV_Handler
 .text.SysTick_Handler
                0x08000ad8        0xc Core\Src\stm32l4xx_it.o
                0x08000ad8                SysTick_Handler
 .text.OTG_FS_IRQHandler
                0x08000ae4       0x14 Core\Src\stm32l4xx_it.o
                0x08000ae4                OTG_FS_IRQHandler
 .text._read    0x08000af8       0x3a Core\Src\syscalls.o
                0x08000af8                _read
 *fill*         0x08000b32        0x2 
 .text._sbrk    0x08000b34       0x58 Core\Src\syscalls.o
                0x08000b34                _sbrk
 .text._close   0x08000b8c       0x18 Core\Src\syscalls.o
                0x08000b8c                _close
 .text._fstat   0x08000ba4       0x20 Core\Src\syscalls.o
                0x08000ba4                _fstat
 .text._isatty  0x08000bc4       0x16 Core\Src\syscalls.o
                0x08000bc4                _isatty
 .text._lseek   0x08000bda       0x1a Core\Src\syscalls.o
                0x08000bda                _lseek
 .text.SystemInit
                0x08000bf4       0x24 Core\Src\system_stm32l4xx.o
                0x08000bf4                SystemInit
 .text.HAL_Init
                0x08000c18       0x30 Drivers\STM32L4xx_HAL_Driver\Src\stm32l4xx_hal.o
                0x08000c18                HAL_Init
 .text.HAL_InitTick
                0x08000c48       0x78 Drivers\STM32L4xx_HAL_Driver\Src\stm32l4xx_hal.o
                0x08000c48                HAL_InitTick
 .text.HAL_IncTick
                0x08000cc0       0x28 Drivers\STM32L4xx_HAL_Driver\Src\stm32l4xx_hal.o
                0x08000cc0                HAL_IncTick
 .text.HAL_GetTick
                0x08000ce8       0x18 Drivers\STM32L4xx_HAL_Driver\Src\stm32l4xx_hal.o
                0x08000ce8                HAL_GetTick
 .text.HAL_Delay
                0x08000d00       0x44 Drivers\STM32L4xx_HAL_Driver\Src\stm32l4xx_hal.o
                0x08000d00                HAL_Delay
 .text.__NVIC_SetPriorityGrouping
                0x08000d44       0x48 Drivers\STM32L4xx_HAL_Driver\Src\stm32l4xx_hal_cortex.o
 .text.__NVIC_GetPriorityGrouping
                0x08000d8c       0x1c Drivers\STM32L4xx_HAL_Driver\Src\stm32l4xx_hal_cortex.o
 .text.__NVIC_EnableIRQ
                0x08000da8       0x3c Drivers\STM32L4xx_HAL_Driver\Src\stm32l4xx_hal_cortex.o
 .text.__NVIC_SetPriority
                0x08000de4       0x54 Drivers\STM32L4xx_HAL_Driver\Src\stm32l4xx_hal_cortex.o
 .text.NVIC_EncodePriority
                0x08000e38       0x62 Drivers\STM32L4xx_HAL_Driver\Src\stm32l4xx_hal_cortex.o
 *fill*         0x08000e9a        0x2 
 .text.SysTick_Config
                0x08000e9c       0x44 Drivers\STM32L4xx_HAL_Driver\Src\stm32l4xx_hal_cortex.o
 .text.HAL_NVIC_SetPriorityGrouping
                0x08000ee0       0x16 Drivers\STM32L4xx_HAL_Driver\Src\stm32l4xx_hal_cortex.o
                0x08000ee0                HAL_NVIC_SetPriorityGrouping
 .text.HAL_NVIC_SetPriority
                0x08000ef6       0x38 Drivers\STM32L4xx_HAL_Driver\Src\stm32l4xx_hal_cortex.o
                0x08000ef6                HAL_NVIC_SetPriority
 .text.HAL_NVIC_EnableIRQ
                0x08000f2e       0x1c Drivers\STM32L4xx_HAL_Driver\Src\stm32l4xx_hal_cortex.o
                0x08000f2e                HAL_NVIC_EnableIRQ
 .text.HAL_SYSTICK_Config
                0x08000f4a       0x18 Drivers\STM32L4xx_HAL_Driver\Src\stm32l4xx_hal_cortex.o
                0x08000f4a                HAL_SYSTICK_Config
 *fill*         0x08000f62        0x2 
 .text.HAL_GPIO_Init
                0x08000f64      0x324 Drivers\STM32L4xx_HAL_Driver\Src\stm32l4xx_hal_gpio.o
                0x08000f64                HAL_GPIO_Init
 .text.HAL_GPIO_WritePin
                0x08001288       0x30 Drivers\STM32L4xx_HAL_Driver\Src\stm32l4xx_hal_gpio.o
                0x08001288                HAL_GPIO_WritePin
 .text.HAL_HCD_Init
                0x080012b8       0xc4 Drivers\STM32L4xx_HAL_Driver\Src\stm32l4xx_hal_hcd.o
                0x080012b8                HAL_HCD_Init
 .text.HAL_HCD_HC_Init
                0x0800137c      0x11e Drivers\STM32L4xx_HAL_Driver\Src\stm32l4xx_hal_hcd.o
                0x0800137c                HAL_HCD_HC_Init
 .text.HAL_HCD_HC_Halt
                0x0800149a       0x46 Drivers\STM32L4xx_HAL_Driver\Src\stm32l4xx_hal_hcd.o
                0x0800149a                HAL_HCD_HC_Halt
 .text.HAL_HCD_HC_SubmitRequest
                0x080014e0      0x2a4 Drivers\STM32L4xx_HAL_Driver\Src\stm32l4xx_hal_hcd.o
                0x080014e0                HAL_HCD_HC_SubmitRequest
 .text.HAL_HCD_IRQHandler
                0x08001784      0x216 Drivers\STM32L4xx_HAL_Driver\Src\stm32l4xx_hal_hcd.o
                0x08001784                HAL_HCD_IRQHandler
 .text.HAL_HCD_Start
                0x0800199a       0x46 Drivers\STM32L4xx_HAL_Driver\Src\stm32l4xx_hal_hcd.o
                0x0800199a                HAL_HCD_Start
 .text.HAL_HCD_Stop
                0x080019e0       0x3a Drivers\STM32L4xx_HAL_Driver\Src\stm32l4xx_hal_hcd.o
                0x080019e0                HAL_HCD_Stop
 .text.HAL_HCD_ResetPort
                0x08001a1a       0x1c Drivers\STM32L4xx_HAL_Driver\Src\stm32l4xx_hal_hcd.o
                0x08001a1a                HAL_HCD_ResetPort
 .text.HAL_HCD_HC_GetURBState
                0x08001a36       0x28 Drivers\STM32L4xx_HAL_Driver\Src\stm32l4xx_hal_hcd.o
                0x08001a36                HAL_HCD_HC_GetURBState
 .text.HAL_HCD_HC_GetXferCount
                0x08001a5e       0x28 Drivers\STM32L4xx_HAL_Driver\Src\stm32l4xx_hal_hcd.o
                0x08001a5e                HAL_HCD_HC_GetXferCount
 .text.HAL_HCD_GetCurrentFrame
                0x08001a86       0x1c Drivers\STM32L4xx_HAL_Driver\Src\stm32l4xx_hal_hcd.o
                0x08001a86                HAL_HCD_GetCurrentFrame
 .text.HAL_HCD_GetCurrentSpeed
                0x08001aa2       0x1c Drivers\STM32L4xx_HAL_Driver\Src\stm32l4xx_hal_hcd.o
                0x08001aa2                HAL_HCD_GetCurrentSpeed
 .text.HCD_HC_IN_IRQHandler
                0x08001abe      0x66c Drivers\STM32L4xx_HAL_Driver\Src\stm32l4xx_hal_hcd.o
 .text.HCD_HC_OUT_IRQHandler
                0x0800212a      0x606 Drivers\STM32L4xx_HAL_Driver\Src\stm32l4xx_hal_hcd.o
 .text.HCD_RXQLVL_IRQHandler
                0x08002730      0x1a2 Drivers\STM32L4xx_HAL_Driver\Src\stm32l4xx_hal_hcd.o
 .text.HCD_Port_IRQHandler
                0x080028d2       0xe6 Drivers\STM32L4xx_HAL_Driver\Src\stm32l4xx_hal_hcd.o
 .text.HAL_PWR_EnableBkUpAccess
                0x080029b8       0x20 Drivers\STM32L4xx_HAL_Driver\Src\stm32l4xx_hal_pwr.o
                0x080029b8                HAL_PWR_EnableBkUpAccess
 .text.HAL_PWREx_GetVoltageRange
                0x080029d8       0x1c Drivers\STM32L4xx_HAL_Driver\Src\stm32l4xx_hal_pwr_ex.o
                0x080029d8                HAL_PWREx_GetVoltageRange
 .text.HAL_PWREx_ControlVoltageScaling
                0x080029f4       0xac Drivers\STM32L4xx_HAL_Driver\Src\stm32l4xx_hal_pwr_ex.o
                0x080029f4                HAL_PWREx_ControlVoltageScaling
 .text.HAL_PWREx_EnableVddUSB
                0x08002aa0       0x20 Drivers\STM32L4xx_HAL_Driver\Src\stm32l4xx_hal_pwr_ex.o
                0x08002aa0                HAL_PWREx_EnableVddUSB
 .text.HAL_PWREx_EnableVddIO2
                0x08002ac0       0x20 Drivers\STM32L4xx_HAL_Driver\Src\stm32l4xx_hal_pwr_ex.o
                0x08002ac0                HAL_PWREx_EnableVddIO2
 .text.HAL_RCC_OscConfig
                0x08002ae0      0x830 Drivers\STM32L4xx_HAL_Driver\Src\stm32l4xx_hal_rcc.o
                0x08002ae0                HAL_RCC_OscConfig
 .text.HAL_RCC_ClockConfig
                0x08003310      0x200 Drivers\STM32L4xx_HAL_Driver\Src\stm32l4xx_hal_rcc.o
                0x08003310                HAL_RCC_ClockConfig
 .text.HAL_RCC_GetSysClockFreq
                0x08003510      0x114 Drivers\STM32L4xx_HAL_Driver\Src\stm32l4xx_hal_rcc.o
                0x08003510                HAL_RCC_GetSysClockFreq
 .text.HAL_RCC_GetHCLKFreq
                0x08003624       0x18 Drivers\STM32L4xx_HAL_Driver\Src\stm32l4xx_hal_rcc.o
                0x08003624                HAL_RCC_GetHCLKFreq
 .text.HAL_RCC_GetPCLK1Freq
                0x0800363c       0x2c Drivers\STM32L4xx_HAL_Driver\Src\stm32l4xx_hal_rcc.o
                0x0800363c                HAL_RCC_GetPCLK1Freq
 .text.HAL_RCC_GetPCLK2Freq
                0x08003668       0x2c Drivers\STM32L4xx_HAL_Driver\Src\stm32l4xx_hal_rcc.o
                0x08003668                HAL_RCC_GetPCLK2Freq
 .text.RCC_SetFlashLatencyFromMSIRange
                0x08003694       0xc0 Drivers\STM32L4xx_HAL_Driver\Src\stm32l4xx_hal_rcc.o
 .text.HAL_RCCEx_PeriphCLKConfig
                0x08003754      0x5f0 Drivers\STM32L4xx_HAL_Driver\Src\stm32l4xx_hal_rcc_ex.o
                0x08003754                HAL_RCCEx_PeriphCLKConfig
 .text.HAL_RCCEx_EnableMSIPLLMode
                0x08003d44       0x20 Drivers\STM32L4xx_HAL_Driver\Src\stm32l4xx_hal_rcc_ex.o
                0x08003d44                HAL_RCCEx_EnableMSIPLLMode
 .text.RCCEx_PLLSAI1_Config
                0x08003d64      0x1e0 Drivers\STM32L4xx_HAL_Driver\Src\stm32l4xx_hal_rcc_ex.o
 .text.RCCEx_PLLSAI2_Config
                0x08003f44      0x1b4 Drivers\STM32L4xx_HAL_Driver\Src\stm32l4xx_hal_rcc_ex.o
 .text.HAL_UART_Init
                0x080040f8       0x9c Drivers\STM32L4xx_HAL_Driver\Src\stm32l4xx_hal_uart.o
                0x080040f8                HAL_UART_Init
 .text.HAL_UART_Transmit
                0x08004194      0x128 Drivers\STM32L4xx_HAL_Driver\Src\stm32l4xx_hal_uart.o
                0x08004194                HAL_UART_Transmit
 .text.UART_SetConfig
                0x080042bc      0x508 Drivers\STM32L4xx_HAL_Driver\Src\stm32l4xx_hal_uart.o
                0x080042bc                UART_SetConfig
 .text.UART_AdvFeatureConfig
                0x080047c4      0x144 Drivers\STM32L4xx_HAL_Driver\Src\stm32l4xx_hal_uart.o
                0x080047c4                UART_AdvFeatureConfig
 .text.UART_CheckIdleState
                0x08004908       0x92 Drivers\STM32L4xx_HAL_Driver\Src\stm32l4xx_hal_uart.o
                0x08004908                UART_CheckIdleState
 .text.UART_WaitOnFlagUntilTimeout
                0x0800499a      0x188 Drivers\STM32L4xx_HAL_Driver\Src\stm32l4xx_hal_uart.o
                0x0800499a                UART_WaitOnFlagUntilTimeout
 .text.USB_CoreInit
                0x08004b22       0x58 Drivers\STM32L4xx_HAL_Driver\Src\stm32l4xx_ll_usb.o
                0x08004b22                USB_CoreInit
 .text.USB_EnableGlobalInt
                0x08004b7a       0x22 Drivers\STM32L4xx_HAL_Driver\Src\stm32l4xx_ll_usb.o
                0x08004b7a                USB_EnableGlobalInt
 .text.USB_DisableGlobalInt
                0x08004b9c       0x22 Drivers\STM32L4xx_HAL_Driver\Src\stm32l4xx_ll_usb.o
                0x08004b9c                USB_DisableGlobalInt
 .text.USB_SetCurrentMode
                0x08004bbe       0x98 Drivers\STM32L4xx_HAL_Driver\Src\stm32l4xx_ll_usb.o
                0x08004bbe                USB_SetCurrentMode
 *fill*         0x08004c56        0x2 
 .text.USB_FlushTxFifo
                0x08004c58       0x68 Drivers\STM32L4xx_HAL_Driver\Src\stm32l4xx_ll_usb.o
                0x08004c58                USB_FlushTxFifo
 .text.USB_FlushRxFifo
                0x08004cc0       0x60 Drivers\STM32L4xx_HAL_Driver\Src\stm32l4xx_ll_usb.o
                0x08004cc0                USB_FlushRxFifo
 .text.USB_WritePacket
                0x08004d20       0x74 Drivers\STM32L4xx_HAL_Driver\Src\stm32l4xx_ll_usb.o
                0x08004d20                USB_WritePacket
 .text.USB_ReadPacket
                0x08004d94       0xae Drivers\STM32L4xx_HAL_Driver\Src\stm32l4xx_ll_usb.o
                0x08004d94                USB_ReadPacket
 .text.USB_ReadInterrupts
                0x08004e42       0x26 Drivers\STM32L4xx_HAL_Driver\Src\stm32l4xx_ll_usb.o
                0x08004e42                USB_ReadInterrupts
 .text.USB_GetMode
                0x08004e68       0x1c Drivers\STM32L4xx_HAL_Driver\Src\stm32l4xx_ll_usb.o
                0x08004e68                USB_GetMode
 .text.USB_CoreReset
                0x08004e84       0x68 Drivers\STM32L4xx_HAL_Driver\Src\stm32l4xx_ll_usb.o
 .text.USB_HostInit
                0x08004eec      0x108 Drivers\STM32L4xx_HAL_Driver\Src\stm32l4xx_ll_usb.o
                0x08004eec                USB_HostInit
 .text.USB_InitFSLSPClkSel
                0x08004ff4       0x78 Drivers\STM32L4xx_HAL_Driver\Src\stm32l4xx_ll_usb.o
                0x08004ff4                USB_InitFSLSPClkSel
 .text.USB_ResetPort
                0x0800506c       0x58 Drivers\STM32L4xx_HAL_Driver\Src\stm32l4xx_ll_usb.o
                0x0800506c                USB_ResetPort
 .text.USB_DriveVbus
                0x080050c4       0x76 Drivers\STM32L4xx_HAL_Driver\Src\stm32l4xx_ll_usb.o
                0x080050c4                USB_DriveVbus
 .text.USB_GetHostSpeed
                0x0800513a       0x2e Drivers\STM32L4xx_HAL_Driver\Src\stm32l4xx_ll_usb.o
                0x0800513a                USB_GetHostSpeed
 .text.USB_GetCurrentFrame
                0x08005168       0x22 Drivers\STM32L4xx_HAL_Driver\Src\stm32l4xx_ll_usb.o
                0x08005168                USB_GetCurrentFrame
 *fill*         0x0800518a        0x2 
 .text.USB_HC_Init
                0x0800518c      0x224 Drivers\STM32L4xx_HAL_Driver\Src\stm32l4xx_ll_usb.o
                0x0800518c                USB_HC_Init
 .text.USB_HC_StartXfer
                0x080053b0      0x1f8 Drivers\STM32L4xx_HAL_Driver\Src\stm32l4xx_ll_usb.o
                0x080053b0                USB_HC_StartXfer
 .text.USB_HC_ReadInterrupt
                0x080055a8       0x22 Drivers\STM32L4xx_HAL_Driver\Src\stm32l4xx_ll_usb.o
                0x080055a8                USB_HC_ReadInterrupt
 .text.USB_HC_Halt
                0x080055ca      0x208 Drivers\STM32L4xx_HAL_Driver\Src\stm32l4xx_ll_usb.o
                0x080055ca                USB_HC_Halt
 .text.USB_StopHost
                0x080057d2      0x124 Drivers\STM32L4xx_HAL_Driver\Src\stm32l4xx_ll_usb.o
                0x080057d2                USB_StopHost
 *fill*         0x080058f6        0x2 
 .text.USBH_HID_InterfaceInit
                0x080058f8      0x2f4 Middlewares\ST\STM32_USB_Host_Library\Class\HID\Src\usbh_hid.o
 .text.USBH_HID_InterfaceDeInit
                0x08005bec       0x8c Middlewares\ST\STM32_USB_Host_Library\Class\HID\Src\usbh_hid.o
 .text.USBH_HID_ClassRequest
                0x08005c78      0x12c Middlewares\ST\STM32_USB_Host_Library\Class\HID\Src\usbh_hid.o
 .text.USBH_HID_Process
                0x08005da4      0x188 Middlewares\ST\STM32_USB_Host_Library\Class\HID\Src\usbh_hid.o
 .text.USBH_HID_SOFProcess
                0x08005f2c       0x42 Middlewares\ST\STM32_USB_Host_Library\Class\HID\Src\usbh_hid.o
 .text.USBH_HID_GetHIDReportDescriptor
                0x08005f6e       0x32 Middlewares\ST\STM32_USB_Host_Library\Class\HID\Src\usbh_hid.o
                0x08005f6e                USBH_HID_GetHIDReportDescriptor
 .text.USBH_HID_SetIdle
                0x08005fa0       0x50 Middlewares\ST\STM32_USB_Host_Library\Class\HID\Src\usbh_hid.o
                0x08005fa0                USBH_HID_SetIdle
 .text.USBH_HID_GetReport
                0x08005ff0       0x58 Middlewares\ST\STM32_USB_Host_Library\Class\HID\Src\usbh_hid.o
                0x08005ff0                USBH_HID_GetReport
 .text.USBH_HID_SetProtocol
                0x08006048       0x4c Middlewares\ST\STM32_USB_Host_Library\Class\HID\Src\usbh_hid.o
                0x08006048                USBH_HID_SetProtocol
 .text.USBH_HID_ParseHIDDesc
                0x08006094       0xbc Middlewares\ST\STM32_USB_Host_Library\Class\HID\Src\usbh_hid.o
 .text.USBH_HID_FifoInit
                0x08006150       0x38 Middlewares\ST\STM32_USB_Host_Library\Class\HID\Src\usbh_hid.o
                0x08006150                USBH_HID_FifoInit
 .text.USBH_HID_FifoRead
                0x08006188       0x92 Middlewares\ST\STM32_USB_Host_Library\Class\HID\Src\usbh_hid.o
                0x08006188                USBH_HID_FifoRead
 .text.USBH_HID_FifoWrite
                0x0800621a       0xa8 Middlewares\ST\STM32_USB_Host_Library\Class\HID\Src\usbh_hid.o
                0x0800621a                USBH_HID_FifoWrite
 *fill*         0x080062c2        0x2 
 .text.USBH_HID_KeybdInit
                0x080062c4       0xb0 Middlewares\ST\STM32_USB_Host_Library\Class\HID\Src\usbh_hid_keybd.o
                0x080062c4                USBH_HID_KeybdInit
 .text.USBH_HID_GetKeybdInfo
                0x08006374       0x28 Middlewares\ST\STM32_USB_Host_Library\Class\HID\Src\usbh_hid_keybd.o
                0x08006374                USBH_HID_GetKeybdInfo
 .text.USBH_HID_KeybdDecode
                0x0800639c      0x120 Middlewares\ST\STM32_USB_Host_Library\Class\HID\Src\usbh_hid_keybd.o
 .text.USBH_HID_MouseInit
                0x080064bc       0x94 Middlewares\ST\STM32_USB_Host_Library\Class\HID\Src\usbh_hid_mouse.o
                0x080064bc                USBH_HID_MouseInit
 .text.HID_ReadItem
                0x08006550      0x130 Middlewares\ST\STM32_USB_Host_Library\Class\HID\Src\usbh_hid_parser.o
                0x08006550                HID_ReadItem
 .text.USBH_Init
                0x08006680       0x90 Middlewares\ST\STM32_USB_Host_Library\Core\Src\usbh_core.o
                0x08006680                USBH_Init
 .text.DeInitStateMachine
                0x08006710       0xa8 Middlewares\ST\STM32_USB_Host_Library\Core\Src\usbh_core.o
 .text.USBH_RegisterClass
                0x080067b8       0x80 Middlewares\ST\STM32_USB_Host_Library\Core\Src\usbh_core.o
                0x080067b8                USBH_RegisterClass
 .text.USBH_SelectInterface
                0x08006838       0xd0 Middlewares\ST\STM32_USB_Host_Library\Core\Src\usbh_core.o
                0x08006838                USBH_SelectInterface
 .text.USBH_FindInterface
                0x08006908       0x8c Middlewares\ST\STM32_USB_Host_Library\Core\Src\usbh_core.o
                0x08006908                USBH_FindInterface
 .text.USBH_Start
                0x08006994       0x20 Middlewares\ST\STM32_USB_Host_Library\Core\Src\usbh_core.o
                0x08006994                USBH_Start
 .text.USBH_Process
                0x080069b4      0x4c0 Middlewares\ST\STM32_USB_Host_Library\Core\Src\usbh_core.o
                0x080069b4                USBH_Process
 .text.USBH_HandleEnum
                0x08006e74      0x560 Middlewares\ST\STM32_USB_Host_Library\Core\Src\usbh_core.o
 .text.USBH_LL_SetTimer
                0x080073d4       0x1e Middlewares\ST\STM32_USB_Host_Library\Core\Src\usbh_core.o
                0x080073d4                USBH_LL_SetTimer
 .text.USBH_LL_IncTimer
                0x080073f2       0x24 Middlewares\ST\STM32_USB_Host_Library\Core\Src\usbh_core.o
                0x080073f2                USBH_LL_IncTimer
 .text.USBH_HandleSof
                0x08007416       0x30 Middlewares\ST\STM32_USB_Host_Library\Core\Src\usbh_core.o
 .text.USBH_LL_PortEnabled
                0x08007446       0x1c Middlewares\ST\STM32_USB_Host_Library\Core\Src\usbh_core.o
                0x08007446                USBH_LL_PortEnabled
 .text.USBH_LL_PortDisabled
                0x08007462       0x1c Middlewares\ST\STM32_USB_Host_Library\Core\Src\usbh_core.o
                0x08007462                USBH_LL_PortDisabled
 .text.USBH_LL_Connect
                0x0800747e       0x2e Middlewares\ST\STM32_USB_Host_Library\Core\Src\usbh_core.o
                0x0800747e                USBH_LL_Connect
 .text.USBH_LL_Disconnect
                0x080074ac       0x48 Middlewares\ST\STM32_USB_Host_Library\Core\Src\usbh_core.o
                0x080074ac                USBH_LL_Disconnect
 .text.USBH_Get_DevDesc
                0x080074f4       0x50 Middlewares\ST\STM32_USB_Host_Library\Core\Src\usbh_ctlreq.o
                0x080074f4                USBH_Get_DevDesc
 .text.USBH_Get_CfgDesc
                0x08007544       0x48 Middlewares\ST\STM32_USB_Host_Library\Core\Src\usbh_ctlreq.o
                0x08007544                USBH_Get_CfgDesc
 .text.USBH_Get_StringDesc
                0x0800758c       0x56 Middlewares\ST\STM32_USB_Host_Library\Core\Src\usbh_ctlreq.o
                0x0800758c                USBH_Get_StringDesc
 .text.USBH_GetDescriptor
                0x080075e2       0x6a Middlewares\ST\STM32_USB_Host_Library\Core\Src\usbh_ctlreq.o
                0x080075e2                USBH_GetDescriptor
 .text.USBH_SetAddress
                0x0800764c       0x48 Middlewares\ST\STM32_USB_Host_Library\Core\Src\usbh_ctlreq.o
                0x0800764c                USBH_SetAddress
 .text.USBH_SetCfg
                0x08007694       0x46 Middlewares\ST\STM32_USB_Host_Library\Core\Src\usbh_ctlreq.o
                0x08007694                USBH_SetCfg
 .text.USBH_SetFeature
                0x080076da       0x48 Middlewares\ST\STM32_USB_Host_Library\Core\Src\usbh_ctlreq.o
                0x080076da                USBH_SetFeature
 .text.USBH_ClrFeature
                0x08007722       0x48 Middlewares\ST\STM32_USB_Host_Library\Core\Src\usbh_ctlreq.o
                0x08007722                USBH_ClrFeature
 .text.USBH_ParseDevDesc
                0x0800776a       0xe0 Middlewares\ST\STM32_USB_Host_Library\Core\Src\usbh_ctlreq.o
 .text.USBH_ParseCfgDesc
                0x0800784a      0x144 Middlewares\ST\STM32_USB_Host_Library\Core\Src\usbh_ctlreq.o
 .text.USBH_ParseInterfaceDesc
                0x0800798e       0x5e Middlewares\ST\STM32_USB_Host_Library\Core\Src\usbh_ctlreq.o
 .text.USBH_ParseEPDesc
                0x080079ec       0x5a Middlewares\ST\STM32_USB_Host_Library\Core\Src\usbh_ctlreq.o
 .text.USBH_ParseStringDesc
                0x08007a46       0x66 Middlewares\ST\STM32_USB_Host_Library\Core\Src\usbh_ctlreq.o
 .text.USBH_GetNextDesc
                0x08007aac       0x36 Middlewares\ST\STM32_USB_Host_Library\Core\Src\usbh_ctlreq.o
                0x08007aac                USBH_GetNextDesc
 .text.USBH_CtlReq
                0x08007ae2       0x7a Middlewares\ST\STM32_USB_Host_Library\Core\Src\usbh_ctlreq.o
                0x08007ae2                USBH_CtlReq
 .text.USBH_HandleControl
                0x08007b5c      0x308 Middlewares\ST\STM32_USB_Host_Library\Core\Src\usbh_ctlreq.o
 .text.USBH_CtlSendSetup
                0x08007e64       0x34 Middlewares\ST\STM32_USB_Host_Library\Core\Src\usbh_ioreq.o
                0x08007e64                USBH_CtlSendSetup
 .text.USBH_CtlSendData
                0x08007e98       0x4a Middlewares\ST\STM32_USB_Host_Library\Core\Src\usbh_ioreq.o
                0x08007e98                USBH_CtlSendData
 .text.USBH_CtlReceiveData
                0x08007ee2       0x3c Middlewares\ST\STM32_USB_Host_Library\Core\Src\usbh_ioreq.o
                0x08007ee2                USBH_CtlReceiveData
 .text.USBH_InterruptReceiveData
                0x08007f1e       0x3e Middlewares\ST\STM32_USB_Host_Library\Core\Src\usbh_ioreq.o
                0x08007f1e                USBH_InterruptReceiveData
 .text.USBH_OpenPipe
                0x08007f5c       0x3e Middlewares\ST\STM32_USB_Host_Library\Core\Src\usbh_pipes.o
                0x08007f5c                USBH_OpenPipe
 .text.USBH_ClosePipe
                0x08007f9a       0x20 Middlewares\ST\STM32_USB_Host_Library\Core\Src\usbh_pipes.o
                0x08007f9a                USBH_ClosePipe
 .text.USBH_AllocPipe
                0x08007fba       0x42 Middlewares\ST\STM32_USB_Host_Library\Core\Src\usbh_pipes.o
                0x08007fba                USBH_AllocPipe
 .text.USBH_FreePipe
                0x08007ffc       0x3e Middlewares\ST\STM32_USB_Host_Library\Core\Src\usbh_pipes.o
                0x08007ffc                USBH_FreePipe
 .text.USBH_GetFreePipe
                0x0800803a       0x48 Middlewares\ST\STM32_USB_Host_Library\Core\Src\usbh_pipes.o
 *fill*         0x08008082        0x2 
 .text.MX_USB_HOST_Init
                0x08008084       0x4c USB_HOST\App\usb_host.o
                0x08008084                MX_USB_HOST_Init
 .text.MX_USB_HOST_Process
                0x080080d0       0x14 USB_HOST\App\usb_host.o
                0x080080d0                MX_USB_HOST_Process
 .text.USBH_UserProcess
                0x080080e4       0x5c USB_HOST\App\usb_host.o
 .text.HAL_HCD_MspInit
                0x08008140      0x148 USB_HOST\Target\usbh_conf.o
                0x08008140                HAL_HCD_MspInit
 .text.HAL_HCD_SOF_Callback
                0x08008288       0x1c USB_HOST\Target\usbh_conf.o
                0x08008288                HAL_HCD_SOF_Callback
 .text.HAL_HCD_Connect_Callback
                0x080082a4       0x1c USB_HOST\Target\usbh_conf.o
                0x080082a4                HAL_HCD_Connect_Callback
 .text.HAL_HCD_Disconnect_Callback
                0x080082c0       0x1c USB_HOST\Target\usbh_conf.o
                0x080082c0                HAL_HCD_Disconnect_Callback
 .text.HAL_HCD_HC_NotifyURBChange_Callback
                0x080082dc       0x1c USB_HOST\Target\usbh_conf.o
                0x080082dc                HAL_HCD_HC_NotifyURBChange_Callback
 .text.HAL_HCD_PortEnabled_Callback
                0x080082f8       0x1c USB_HOST\Target\usbh_conf.o
                0x080082f8                HAL_HCD_PortEnabled_Callback
 .text.HAL_HCD_PortDisabled_Callback
                0x08008314       0x1c USB_HOST\Target\usbh_conf.o
                0x08008314                HAL_HCD_PortDisabled_Callback
 .text.USBH_LL_Init
                0x08008330       0x78 USB_HOST\Target\usbh_conf.o
                0x08008330                USBH_LL_Init
 .text.USBH_LL_Start
                0x080083a8       0x36 USB_HOST\Target\usbh_conf.o
                0x080083a8                USBH_LL_Start
 .text.USBH_LL_Stop
                0x080083de       0x36 USB_HOST\Target\usbh_conf.o
                0x080083de                USBH_LL_Stop
 .text.USBH_LL_GetSpeed
                0x08008414       0x4a USB_HOST\Target\usbh_conf.o
                0x08008414                USBH_LL_GetSpeed
 .text.USBH_LL_ResetPort
                0x0800845e       0x36 USB_HOST\Target\usbh_conf.o
                0x0800845e                USBH_LL_ResetPort
 .text.USBH_LL_GetLastXferSize
                0x08008494       0x26 USB_HOST\Target\usbh_conf.o
                0x08008494                USBH_LL_GetLastXferSize
 .text.USBH_LL_OpenPipe
                0x080084ba       0x5e USB_HOST\Target\usbh_conf.o
                0x080084ba                USBH_LL_OpenPipe
 .text.USBH_LL_ClosePipe
                0x08008518       0x3e USB_HOST\Target\usbh_conf.o
                0x08008518                USBH_LL_ClosePipe
 .text.USBH_LL_SubmitURB
                0x08008556       0x62 USB_HOST\Target\usbh_conf.o
                0x08008556                USBH_LL_SubmitURB
 .text.USBH_LL_GetURBState
                0x080085b8       0x26 USB_HOST\Target\usbh_conf.o
                0x080085b8                USBH_LL_GetURBState
 .text.USBH_LL_DriverVBUS
                0x080085de       0x2e USB_HOST\Target\usbh_conf.o
                0x080085de                USBH_LL_DriverVBUS
 .text.USBH_LL_SetToggle
                0x0800860c       0x60 USB_HOST\Target\usbh_conf.o
                0x0800860c                USBH_LL_SetToggle
 .text.USBH_Delay
                0x0800866c       0x16 USB_HOST\Target\usbh_conf.o
                0x0800866c                USBH_Delay
 *fill*         0x08008682        0x2 
 .text.USBH_Get_USB_Status
                0x08008684       0x58 USB_HOST\Target\usbh_conf.o
                0x08008684                USBH_Get_USB_Status
 .text.MX_DriverVbusFS
                0x080086dc       0x38 USB_HOST\Target\usbh_platform.o
                0x080086dc                MX_DriverVbusFS
 .text.Reset_Handler
                0x08008714       0x50 startup\startup_stm32l496xx.o
                0x08008714                Reset_Handler
 .text.Default_Handler
                0x08008764        0x2 startup\startup_stm32l496xx.o
                0x08008764                RTC_Alarm_IRQHandler
                0x08008764                EXTI2_IRQHandler
                0x08008764                TIM8_TRG_COM_IRQHandler
                0x08008764                TIM8_CC_IRQHandler
                0x08008764                TIM1_CC_IRQHandler
                0x08008764                TSC_IRQHandler
                0x08008764                TAMP_STAMP_IRQHandler
                0x08008764                CAN2_RX1_IRQHandler
                0x08008764                EXTI3_IRQHandler
                0x08008764                LPTIM2_IRQHandler
                0x08008764                DFSDM1_FLT1_IRQHandler
                0x08008764                I2C3_ER_IRQHandler
                0x08008764                DFSDM1_FLT2_IRQHandler
                0x08008764                EXTI0_IRQHandler
                0x08008764                I2C2_EV_IRQHandler
                0x08008764                CAN1_RX0_IRQHandler
                0x08008764                FPU_IRQHandler
                0x08008764                TIM1_UP_TIM16_IRQHandler
                0x08008764                CAN2_SCE_IRQHandler
                0x08008764                ADC1_2_IRQHandler
                0x08008764                SPI1_IRQHandler
                0x08008764                TIM6_DAC_IRQHandler
                0x08008764                DCMI_IRQHandler
                0x08008764                CAN2_RX0_IRQHandler
                0x08008764                TIM8_UP_IRQHandler
                0x08008764                DMA2_Channel2_IRQHandler
                0x08008764                DMA1_Channel4_IRQHandler
                0x08008764                SAI2_IRQHandler
                0x08008764                DFSDM1_FLT3_IRQHandler
                0x08008764                USART3_IRQHandler
                0x08008764                DMA1_Channel7_IRQHandler
                0x08008764                CAN1_RX1_IRQHandler
                0x08008764                LCD_IRQHandler
                0x08008764                UART5_IRQHandler
                0x08008764                ADC3_IRQHandler
                0x08008764                TIM4_IRQHandler
                0x08008764                DMA2_Channel1_IRQHandler
                0x08008764                QUADSPI_IRQHandler
                0x08008764                I2C1_EV_IRQHandler
                0x08008764                DMA1_Channel6_IRQHandler
                0x08008764                UART4_IRQHandler
                0x08008764                DMA2_Channel4_IRQHandler
                0x08008764                TIM3_IRQHandler
                0x08008764                RCC_IRQHandler
                0x08008764                DMA1_Channel1_IRQHandler
                0x08008764                Default_Handler
                0x08008764                DMA2_Channel7_IRQHandler
                0x08008764                EXTI15_10_IRQHandler
                0x08008764                TIM7_IRQHandler
                0x08008764                SDMMC1_IRQHandler
                0x08008764                CAN2_TX_IRQHandler
                0x08008764                TIM5_IRQHandler
                0x08008764                I2C3_EV_IRQHandler
                0x08008764                EXTI9_5_IRQHandler
                0x08008764                RTC_WKUP_IRQHandler
                0x08008764                PVD_PVM_IRQHandler
                0x08008764                SPI2_IRQHandler
                0x08008764                CAN1_TX_IRQHandler
                0x08008764                DMA2_Channel5_IRQHandler
                0x08008764                CRS_IRQHandler
                0x08008764                DMA1_Channel5_IRQHandler
                0x08008764                EXTI4_IRQHandler
                0x08008764                RNG_IRQHandler
                0x08008764                TIM1_TRG_COM_TIM17_IRQHandler
                0x08008764                DMA1_Channel3_IRQHandler
                0x08008764                COMP_IRQHandler
                0x08008764                WWDG_IRQHandler
                0x08008764                I2C4_EV_IRQHandler
                0x08008764                LPUART1_IRQHandler
                0x08008764                DMA2_Channel6_IRQHandler
                0x08008764                TIM2_IRQHandler
                0x08008764                EXTI1_IRQHandler
                0x08008764                USART2_IRQHandler
                0x08008764                DFSDM1_FLT0_IRQHandler
                0x08008764                I2C2_ER_IRQHandler
                0x08008764                DMA1_Channel2_IRQHandler
                0x08008764                TIM8_BRK_IRQHandler
                0x08008764                CAN1_SCE_IRQHandler
                0x08008764                FLASH_IRQHandler
                0x08008764                USART1_IRQHandler
                0x08008764                SPI3_IRQHandler
                0x08008764                I2C1_ER_IRQHandler
                0x08008764                FMC_IRQHandler
                0x08008764                SWPMI1_IRQHandler
                0x08008764                LPTIM1_IRQHandler
                0x08008764                I2C4_ER_IRQHandler
                0x08008764                SAI1_IRQHandler
                0x08008764                DMA2_Channel3_IRQHandler
                0x08008764                TIM1_BRK_TIM15_IRQHandler
 *fill*         0x08008766        0x2 
 .text.__errno  0x08008768        0xc c:/program files (x86)/atollic/truestudio for stm32 9.3.0/armtools/bin/../lib/gcc/arm-atollic-eabi/6.3.1/../../../../arm-atollic-eabi/lib/armv7e-m/fpu\libc_nano.a(lib_a-errno.o)
                0x08008768                __errno
 .text.__libc_init_array
                0x08008774       0x48 c:/program files (x86)/atollic/truestudio for stm32 9.3.0/armtools/bin/../lib/gcc/arm-atollic-eabi/6.3.1/../../../../arm-atollic-eabi/lib/armv7e-m/fpu\libc_nano.a(lib_a-init.o)
                0x08008774                __libc_init_array
 .text.malloc   0x080087bc       0x10 c:/program files (x86)/atollic/truestudio for stm32 9.3.0/armtools/bin/../lib/gcc/arm-atollic-eabi/6.3.1/../../../../arm-atollic-eabi/lib/armv7e-m/fpu\libc_nano.a(lib_a-malloc.o)
                0x080087bc                malloc
 .text.free     0x080087cc       0x10 c:/program files (x86)/atollic/truestudio for stm32 9.3.0/armtools/bin/../lib/gcc/arm-atollic-eabi/6.3.1/../../../../arm-atollic-eabi/lib/armv7e-m/fpu\libc_nano.a(lib_a-malloc.o)
                0x080087cc                free
 .text.memset   0x080087dc       0x10 c:/program files (x86)/atollic/truestudio for stm32 9.3.0/armtools/bin/../lib/gcc/arm-atollic-eabi/6.3.1/../../../../arm-atollic-eabi/lib/armv7e-m/fpu\libc_nano.a(lib_a-memset.o)
                0x080087dc                memset
 .text._free_r  0x080087ec       0x9c c:/program files (x86)/atollic/truestudio for stm32 9.3.0/armtools/bin/../lib/gcc/arm-atollic-eabi/6.3.1/../../../../arm-atollic-eabi/lib/armv7e-m/fpu\libc_nano.a(lib_a-nano-freer.o)
                0x080087ec                _free_r
 .text._malloc_r
                0x08008888       0xbc c:/program files (x86)/atollic/truestudio for stm32 9.3.0/armtools/bin/../lib/gcc/arm-atollic-eabi/6.3.1/../../../../arm-atollic-eabi/lib/armv7e-m/fpu\libc_nano.a(lib_a-nano-mallocr.o)
                0x08008888                _malloc_r
 .text.printf   0x08008944       0x30 c:/program files (x86)/atollic/truestudio for stm32 9.3.0/armtools/bin/../lib/gcc/arm-atollic-eabi/6.3.1/../../../../arm-atollic-eabi/lib/armv7e-m/fpu\libc_nano.a(lib_a-printf.o)
                0x08008944                iprintf
                0x08008944                printf
 .text.putchar  0x08008974       0x28 c:/program files (x86)/atollic/truestudio for stm32 9.3.0/armtools/bin/../lib/gcc/arm-atollic-eabi/6.3.1/../../../../arm-atollic-eabi/lib/armv7e-m/fpu\libc_nano.a(lib_a-putchar.o)
                0x08008974                putchar
 .text._sbrk_r  0x0800899c       0x20 c:/program files (x86)/atollic/truestudio for stm32 9.3.0/armtools/bin/../lib/gcc/arm-atollic-eabi/6.3.1/../../../../arm-atollic-eabi/lib/armv7e-m/fpu\libc_nano.a(lib_a-sbrkr.o)
                0x0800899c                _sbrk_r
 .text.sprintf  0x080089bc       0x48 c:/program files (x86)/atollic/truestudio for stm32 9.3.0/armtools/bin/../lib/gcc/arm-atollic-eabi/6.3.1/../../../../arm-atollic-eabi/lib/armv7e-m/fpu\libc_nano.a(lib_a-sprintf.o)
                0x080089bc                siprintf
                0x080089bc                sprintf
 .text._cleanup_r
                0x08008a04        0xc c:/program files (x86)/atollic/truestudio for stm32 9.3.0/armtools/bin/../lib/gcc/arm-atollic-eabi/6.3.1/../../../../arm-atollic-eabi/lib/armv7e-m/fpu\libc_nano.a(lib_a-findfp.o)
                0x08008a04                _cleanup_r
 .text.std.isra.0
                0x08008a10       0x48 c:/program files (x86)/atollic/truestudio for stm32 9.3.0/armtools/bin/../lib/gcc/arm-atollic-eabi/6.3.1/../../../../arm-atollic-eabi/lib/armv7e-m/fpu\libc_nano.a(lib_a-findfp.o)
 .text.__sfmoreglue
                0x08008a58       0x2c c:/program files (x86)/atollic/truestudio for stm32 9.3.0/armtools/bin/../lib/gcc/arm-atollic-eabi/6.3.1/../../../../arm-atollic-eabi/lib/armv7e-m/fpu\libc_nano.a(lib_a-findfp.o)
                0x08008a58                __sfmoreglue
 .text.__sinit  0x08008a84       0x60 c:/program files (x86)/atollic/truestudio for stm32 9.3.0/armtools/bin/../lib/gcc/arm-atollic-eabi/6.3.1/../../../../arm-atollic-eabi/lib/armv7e-m/fpu\libc_nano.a(lib_a-findfp.o)
                0x08008a84                __sinit
 .text.__sfp    0x08008ae4       0x78 c:/program files (x86)/atollic/truestudio for stm32 9.3.0/armtools/bin/../lib/gcc/arm-atollic-eabi/6.3.1/../../../../arm-atollic-eabi/lib/armv7e-m/fpu\libc_nano.a(lib_a-findfp.o)
                0x08008ae4                __sfp
 .text._fwalk_reent
                0x08008b5c       0x3c c:/program files (x86)/atollic/truestudio for stm32 9.3.0/armtools/bin/../lib/gcc/arm-atollic-eabi/6.3.1/../../../../arm-atollic-eabi/lib/armv7e-m/fpu\libc_nano.a(lib_a-fwalk.o)
                0x08008b5c                _fwalk_reent
 .text.__malloc_lock
                0x08008b98        0x2 c:/program files (x86)/atollic/truestudio for stm32 9.3.0/armtools/bin/../lib/gcc/arm-atollic-eabi/6.3.1/../../../../arm-atollic-eabi/lib/armv7e-m/fpu\libc_nano.a(lib_a-mlock.o)
                0x08008b98                __malloc_lock
 .text.__malloc_unlock
                0x08008b9a        0x2 c:/program files (x86)/atollic/truestudio for stm32 9.3.0/armtools/bin/../lib/gcc/arm-atollic-eabi/6.3.1/../../../../arm-atollic-eabi/lib/armv7e-m/fpu\libc_nano.a(lib_a-mlock.o)
                0x08008b9a                __malloc_unlock
 .text.__ssputs_r
                0x08008b9c       0xb6 c:/program files (x86)/atollic/truestudio for stm32 9.3.0/armtools/bin/../lib/gcc/arm-atollic-eabi/6.3.1/../../../../arm-atollic-eabi/lib/armv7e-m/fpu\libc_nano.a(lib_a-nano-svfprintf.o)
                0x08008b9c                __ssputs_r
 *fill*         0x08008c52        0x2 
 .text._svfprintf_r
                0x08008c54      0x1e8 c:/program files (x86)/atollic/truestudio for stm32 9.3.0/armtools/bin/../lib/gcc/arm-atollic-eabi/6.3.1/../../../../arm-atollic-eabi/lib/armv7e-m/fpu\libc_nano.a(lib_a-nano-svfprintf.o)
                0x08008c54                _svfiprintf_r
                0x08008c54                _svfprintf_r
 .text.__sfputc_r
                0x08008e3c       0x30 c:/program files (x86)/atollic/truestudio for stm32 9.3.0/armtools/bin/../lib/gcc/arm-atollic-eabi/6.3.1/../../../../arm-atollic-eabi/lib/armv7e-m/fpu\libc_nano.a(lib_a-nano-vfprintf.o)
 .text.__sfputs_r
                0x08008e6c       0x24 c:/program files (x86)/atollic/truestudio for stm32 9.3.0/armtools/bin/../lib/gcc/arm-atollic-eabi/6.3.1/../../../../arm-atollic-eabi/lib/armv7e-m/fpu\libc_nano.a(lib_a-nano-vfprintf.o)
                0x08008e6c                __sfputs_r
 .text._vfprintf_r
                0x08008e90      0x22c c:/program files (x86)/atollic/truestudio for stm32 9.3.0/armtools/bin/../lib/gcc/arm-atollic-eabi/6.3.1/../../../../arm-atollic-eabi/lib/armv7e-m/fpu\libc_nano.a(lib_a-nano-vfprintf.o)
                0x08008e90                _vfprintf_r
                0x08008e90                _vfiprintf_r
 .text._printf_common
                0x080090bc       0xec c:/program files (x86)/atollic/truestudio for stm32 9.3.0/armtools/bin/../lib/gcc/arm-atollic-eabi/6.3.1/../../../../arm-atollic-eabi/lib/armv7e-m/fpu\libc_nano.a(lib_a-nano-vfprintf_i.o)
                0x080090bc                _printf_common
 .text._printf_i
                0x080091a8      0x240 c:/program files (x86)/atollic/truestudio for stm32 9.3.0/armtools/bin/../lib/gcc/arm-atollic-eabi/6.3.1/../../../../arm-atollic-eabi/lib/armv7e-m/fpu\libc_nano.a(lib_a-nano-vfprintf_i.o)
                0x080091a8                _printf_i
 .text._putc_r  0x080093e8       0x6c c:/program files (x86)/atollic/truestudio for stm32 9.3.0/armtools/bin/../lib/gcc/arm-atollic-eabi/6.3.1/../../../../arm-atollic-eabi/lib/armv7e-m/fpu\libc_nano.a(lib_a-putc.o)
                0x080093e8                _putc_r
 .text.__sread  0x08009454       0x22 c:/program files (x86)/atollic/truestudio for stm32 9.3.0/armtools/bin/../lib/gcc/arm-atollic-eabi/6.3.1/../../../../arm-atollic-eabi/lib/armv7e-m/fpu\libc_nano.a(lib_a-stdio.o)
                0x08009454                __sread
 .text.__swrite
                0x08009476       0x38 c:/program files (x86)/atollic/truestudio for stm32 9.3.0/armtools/bin/../lib/gcc/arm-atollic-eabi/6.3.1/../../../../arm-atollic-eabi/lib/armv7e-m/fpu\libc_nano.a(lib_a-stdio.o)
                0x08009476                __swrite
 .text.__sseek  0x080094ae       0x24 c:/program files (x86)/atollic/truestudio for stm32 9.3.0/armtools/bin/../lib/gcc/arm-atollic-eabi/6.3.1/../../../../arm-atollic-eabi/lib/armv7e-m/fpu\libc_nano.a(lib_a-stdio.o)
                0x080094ae                __sseek
 .text.__sclose
                0x080094d2        0x8 c:/program files (x86)/atollic/truestudio for stm32 9.3.0/armtools/bin/../lib/gcc/arm-atollic-eabi/6.3.1/../../../../arm-atollic-eabi/lib/armv7e-m/fpu\libc_nano.a(lib_a-stdio.o)
                0x080094d2                __sclose
 *fill*         0x080094da        0x2 
 .text.__swbuf_r
                0x080094dc       0xa4 c:/program files (x86)/atollic/truestudio for stm32 9.3.0/armtools/bin/../lib/gcc/arm-atollic-eabi/6.3.1/../../../../arm-atollic-eabi/lib/armv7e-m/fpu\libc_nano.a(lib_a-wbuf.o)
                0x080094dc                __swbuf_r
 .text._write_r
                0x08009580       0x24 c:/program files (x86)/atollic/truestudio for stm32 9.3.0/armtools/bin/../lib/gcc/arm-atollic-eabi/6.3.1/../../../../arm-atollic-eabi/lib/armv7e-m/fpu\libc_nano.a(lib_a-writer.o)
                0x08009580                _write_r
 .text.__swsetup_r
                0x080095a4       0xdc c:/program files (x86)/atollic/truestudio for stm32 9.3.0/armtools/bin/../lib/gcc/arm-atollic-eabi/6.3.1/../../../../arm-atollic-eabi/lib/armv7e-m/fpu\libc_nano.a(lib_a-wsetup.o)
                0x080095a4                __swsetup_r
 .text._close_r
                0x08009680       0x20 c:/program files (x86)/atollic/truestudio for stm32 9.3.0/armtools/bin/../lib/gcc/arm-atollic-eabi/6.3.1/../../../../arm-atollic-eabi/lib/armv7e-m/fpu\libc_nano.a(lib_a-closer.o)
                0x08009680                _close_r
 .text.__sflush_r
                0x080096a0      0x110 c:/program files (x86)/atollic/truestudio for stm32 9.3.0/armtools/bin/../lib/gcc/arm-atollic-eabi/6.3.1/../../../../arm-atollic-eabi/lib/armv7e-m/fpu\libc_nano.a(lib_a-fflush.o)
                0x080096a0                __sflush_r
 .text._fflush_r
                0x080097b0       0x54 c:/program files (x86)/atollic/truestudio for stm32 9.3.0/armtools/bin/../lib/gcc/arm-atollic-eabi/6.3.1/../../../../arm-atollic-eabi/lib/armv7e-m/fpu\libc_nano.a(lib_a-fflush.o)
                0x080097b0                _fflush_r
 .text._lseek_r
                0x08009804       0x24 c:/program files (x86)/atollic/truestudio for stm32 9.3.0/armtools/bin/../lib/gcc/arm-atollic-eabi/6.3.1/../../../../arm-atollic-eabi/lib/armv7e-m/fpu\libc_nano.a(lib_a-lseekr.o)
                0x08009804                _lseek_r
 .text.__swhatbuf_r
                0x08009828       0x48 c:/program files (x86)/atollic/truestudio for stm32 9.3.0/armtools/bin/../lib/gcc/arm-atollic-eabi/6.3.1/../../../../arm-atollic-eabi/lib/armv7e-m/fpu\libc_nano.a(lib_a-makebuf.o)
                0x08009828                __swhatbuf_r
 .text.__smakebuf_r
                0x08009870       0x80 c:/program files (x86)/atollic/truestudio for stm32 9.3.0/armtools/bin/../lib/gcc/arm-atollic-eabi/6.3.1/../../../../arm-atollic-eabi/lib/armv7e-m/fpu\libc_nano.a(lib_a-makebuf.o)
                0x08009870                __smakebuf_r
 .text.memcpy   0x080098f0       0x16 c:/program files (x86)/atollic/truestudio for stm32 9.3.0/armtools/bin/../lib/gcc/arm-atollic-eabi/6.3.1/../../../../arm-atollic-eabi/lib/armv7e-m/fpu\libc_nano.a(lib_a-memcpy-stub.o)
                0x080098f0                memcpy
 .text.memmove  0x08009906       0x34 c:/program files (x86)/atollic/truestudio for stm32 9.3.0/armtools/bin/../lib/gcc/arm-atollic-eabi/6.3.1/../../../../arm-atollic-eabi/lib/armv7e-m/fpu\libc_nano.a(lib_a-memmove.o)
                0x08009906                memmove
 .text._realloc_r
                0x0800993a       0x4c c:/program files (x86)/atollic/truestudio for stm32 9.3.0/armtools/bin/../lib/gcc/arm-atollic-eabi/6.3.1/../../../../arm-atollic-eabi/lib/armv7e-m/fpu\libc_nano.a(lib_a-nano-reallocr.o)
                0x0800993a                _realloc_r
 *fill*         0x08009986        0x2 
 .text._read_r  0x08009988       0x24 c:/program files (x86)/atollic/truestudio for stm32 9.3.0/armtools/bin/../lib/gcc/arm-atollic-eabi/6.3.1/../../../../arm-atollic-eabi/lib/armv7e-m/fpu\libc_nano.a(lib_a-readr.o)
                0x08009988                _read_r
 .text._fstat_r
                0x080099ac       0x24 c:/program files (x86)/atollic/truestudio for stm32 9.3.0/armtools/bin/../lib/gcc/arm-atollic-eabi/6.3.1/../../../../arm-atollic-eabi/lib/armv7e-m/fpu\libc_nano.a(lib_a-fstatr.o)
                0x080099ac                _fstat_r
 .text._isatty_r
                0x080099d0       0x20 c:/program files (x86)/atollic/truestudio for stm32 9.3.0/armtools/bin/../lib/gcc/arm-atollic-eabi/6.3.1/../../../../arm-atollic-eabi/lib/armv7e-m/fpu\libc_nano.a(lib_a-isattyr.o)
                0x080099d0                _isatty_r
 .text._malloc_usable_size_r
                0x080099f0       0x12 c:/program files (x86)/atollic/truestudio for stm32 9.3.0/armtools/bin/../lib/gcc/arm-atollic-eabi/6.3.1/../../../../arm-atollic-eabi/lib/armv7e-m/fpu\libc_nano.a(lib_a-nano-msizer.o)
                0x080099f0                _malloc_usable_size_r
 *(.glue_7)
 .glue_7        0x08009a02        0x0 linker stubs
 *(.glue_7t)
 .glue_7t       0x08009a02        0x0 linker stubs
 *(.eh_frame)
 *fill*         0x08009a02        0x2 
 .eh_frame      0x08009a04        0x0 c:/program files (x86)/atollic/truestudio for stm32 9.3.0/armtools/bin/../lib/gcc/arm-atollic-eabi/6.3.1/armv7e-m/fpu/crtbegin.o
 *(.init)
 .init          0x08009a04        0x4 c:/program files (x86)/atollic/truestudio for stm32 9.3.0/armtools/bin/../lib/gcc/arm-atollic-eabi/6.3.1/armv7e-m/fpu/crti.o
                0x08009a04                _init
 .init          0x08009a08        0x8 c:/program files (x86)/atollic/truestudio for stm32 9.3.0/armtools/bin/../lib/gcc/arm-atollic-eabi/6.3.1/armv7e-m/fpu/crtn.o
 *(.fini)
 .fini          0x08009a10        0x4 c:/program files (x86)/atollic/truestudio for stm32 9.3.0/armtools/bin/../lib/gcc/arm-atollic-eabi/6.3.1/armv7e-m/fpu/crti.o
                0x08009a10                _fini
 .fini          0x08009a14        0x8 c:/program files (x86)/atollic/truestudio for stm32 9.3.0/armtools/bin/../lib/gcc/arm-atollic-eabi/6.3.1/armv7e-m/fpu/crtn.o
                0x08009a1c                . = ALIGN (0x4)
                0x08009a1c                _etext = .

.vfp11_veneer   0x08009a1c        0x0
 .vfp11_veneer  0x08009a1c        0x0 linker stubs

.v4_bx          0x08009a1c        0x0
 .v4_bx         0x08009a1c        0x0 linker stubs

.iplt           0x08009a1c        0x0
 .iplt          0x08009a1c        0x0 c:/program files (x86)/atollic/truestudio for stm32 9.3.0/armtools/bin/../lib/gcc/arm-atollic-eabi/6.3.1/armv7e-m/fpu/crtbegin.o

.rodata         0x08009a1c      0x7c8
                0x08009a1c                . = ALIGN (0x4)
 *(.rodata)
 .rodata        0x08009a1c       0x14 Core\Src\main.o
 .rodata        0x08009a30      0x137 Middlewares\ST\STM32_USB_Host_Library\Class\HID\Src\usbh_hid.o
 *fill*         0x08009b67        0x1 
 .rodata        0x08009b68      0x434 Middlewares\ST\STM32_USB_Host_Library\Core\Src\usbh_core.o
 .rodata        0x08009f9c       0x2d Middlewares\ST\STM32_USB_Host_Library\Core\Src\usbh_ctlreq.o
 *(.rodata*)
 *fill*         0x08009fc9        0x3 
 .rodata.helloMessage
                0x08009fcc       0x15 Core\Src\main.o
                0x08009fcc                helloMessage
 *fill*         0x08009fe1        0x3 
 .rodata.AHBPrescTable
                0x08009fe4       0x10 Core\Src\system_stm32l4xx.o
                0x08009fe4                AHBPrescTable
 .rodata.APBPrescTable
                0x08009ff4        0x8 Core\Src\system_stm32l4xx.o
                0x08009ff4                APBPrescTable
 .rodata.MSIRangeTable
                0x08009ffc       0x30 Core\Src\system_stm32l4xx.o
                0x08009ffc                MSIRangeTable
 .rodata.imp_0_lctrl
                0x0800a02c       0x20 Middlewares\ST\STM32_USB_Host_Library\Class\HID\Src\usbh_hid_keybd.o
 .rodata.imp_0_lshift
                0x0800a04c       0x20 Middlewares\ST\STM32_USB_Host_Library\Class\HID\Src\usbh_hid_keybd.o
 .rodata.imp_0_lalt
                0x0800a06c       0x20 Middlewares\ST\STM32_USB_Host_Library\Class\HID\Src\usbh_hid_keybd.o
 .rodata.imp_0_lgui
                0x0800a08c       0x20 Middlewares\ST\STM32_USB_Host_Library\Class\HID\Src\usbh_hid_keybd.o
 .rodata.imp_0_rctrl
                0x0800a0ac       0x20 Middlewares\ST\STM32_USB_Host_Library\Class\HID\Src\usbh_hid_keybd.o
 .rodata.imp_0_rshift
                0x0800a0cc       0x20 Middlewares\ST\STM32_USB_Host_Library\Class\HID\Src\usbh_hid_keybd.o
 .rodata.imp_0_ralt
                0x0800a0ec       0x20 Middlewares\ST\STM32_USB_Host_Library\Class\HID\Src\usbh_hid_keybd.o
 .rodata.imp_0_rgui
                0x0800a10c       0x20 Middlewares\ST\STM32_USB_Host_Library\Class\HID\Src\usbh_hid_keybd.o
 .rodata.imp_0_key_array
                0x0800a12c       0x20 Middlewares\ST\STM32_USB_Host_Library\Class\HID\Src\usbh_hid_keybd.o
 .rodata._global_impure_ptr
                0x0800a14c        0x4 c:/program files (x86)/atollic/truestudio for stm32 9.3.0/armtools/bin/../lib/gcc/arm-atollic-eabi/6.3.1/../../../../arm-atollic-eabi/lib/armv7e-m/fpu\libc_nano.a(lib_a-impure.o)
                0x0800a14c                _global_impure_ptr
 .rodata.__sf_fake_stderr
                0x0800a150       0x20 c:/program files (x86)/atollic/truestudio for stm32 9.3.0/armtools/bin/../lib/gcc/arm-atollic-eabi/6.3.1/../../../../arm-atollic-eabi/lib/armv7e-m/fpu\libc_nano.a(lib_a-findfp.o)
                0x0800a150                __sf_fake_stderr
 .rodata.__sf_fake_stdin
                0x0800a170       0x20 c:/program files (x86)/atollic/truestudio for stm32 9.3.0/armtools/bin/../lib/gcc/arm-atollic-eabi/6.3.1/../../../../arm-atollic-eabi/lib/armv7e-m/fpu\libc_nano.a(lib_a-findfp.o)
                0x0800a170                __sf_fake_stdin
 .rodata.__sf_fake_stdout
                0x0800a190       0x20 c:/program files (x86)/atollic/truestudio for stm32 9.3.0/armtools/bin/../lib/gcc/arm-atollic-eabi/6.3.1/../../../../arm-atollic-eabi/lib/armv7e-m/fpu\libc_nano.a(lib_a-findfp.o)
                0x0800a190                __sf_fake_stdout
 .rodata._svfprintf_r.str1.1
                0x0800a1b0       0x11 c:/program files (x86)/atollic/truestudio for stm32 9.3.0/armtools/bin/../lib/gcc/arm-atollic-eabi/6.3.1/../../../../arm-atollic-eabi/lib/armv7e-m/fpu\libc_nano.a(lib_a-nano-svfprintf.o)
 .rodata._vfprintf_r.str1.1
                0x0800a1c1       0x11 c:/program files (x86)/atollic/truestudio for stm32 9.3.0/armtools/bin/../lib/gcc/arm-atollic-eabi/6.3.1/../../../../arm-atollic-eabi/lib/armv7e-m/fpu\libc_nano.a(lib_a-nano-vfprintf.o)
 .rodata._printf_i.str1.1
                0x0800a1c1       0x22 c:/program files (x86)/atollic/truestudio for stm32 9.3.0/armtools/bin/../lib/gcc/arm-atollic-eabi/6.3.1/../../../../arm-atollic-eabi/lib/armv7e-m/fpu\libc_nano.a(lib_a-nano-vfprintf_i.o)
                0x0800a1e4                . = ALIGN (0x4)
 *fill*         0x0800a1e3        0x1 

.ARM.extab
 *(.ARM.extab* .gnu.linkonce.armextab.*)

.ARM            0x0800a1e4        0x8
                0x0800a1e4                __exidx_start = .
 *(.ARM.exidx*)
 .ARM.exidx     0x0800a1e4        0x8 c:/program files (x86)/atollic/truestudio for stm32 9.3.0/armtools/bin/../lib/gcc/arm-atollic-eabi/6.3.1/armv7e-m/fpu\libgcc.a(_udivmoddi4.o)
                0x0800a1ec                __exidx_end = .

.rel.dyn        0x0800a1ec        0x0
 .rel.iplt      0x0800a1ec        0x0 c:/program files (x86)/atollic/truestudio for stm32 9.3.0/armtools/bin/../lib/gcc/arm-atollic-eabi/6.3.1/armv7e-m/fpu/crtbegin.o

.preinit_array  0x0800a1ec        0x0
                0x0800a1ec                PROVIDE (__preinit_array_start, .)
 *(.preinit_array*)
                0x0800a1ec                PROVIDE (__preinit_array_end, .)

.init_array     0x0800a1ec        0x4
                0x0800a1ec                PROVIDE (__init_array_start, .)
 *(SORT(.init_array.*))
 *(.init_array*)
 .init_array    0x0800a1ec        0x4 c:/program files (x86)/atollic/truestudio for stm32 9.3.0/armtools/bin/../lib/gcc/arm-atollic-eabi/6.3.1/armv7e-m/fpu/crtbegin.o
                0x0800a1f0                PROVIDE (__init_array_end, .)

.fini_array     0x0800a1f0        0x4
                [!provide]                PROVIDE (__fini_array_start, .)
 *(SORT(.fini_array.*))
 *(.fini_array*)
 .fini_array    0x0800a1f0        0x4 c:/program files (x86)/atollic/truestudio for stm32 9.3.0/armtools/bin/../lib/gcc/arm-atollic-eabi/6.3.1/armv7e-m/fpu/crtbegin.o
                [!provide]                PROVIDE (__fini_array_end, .)
                0x0800a1f4                _sidata = LOADADDR (.data)

.data           0x20000000       0x90 load address 0x0800a1f4
                0x20000000                . = ALIGN (0x4)
                0x20000000                _sdata = .
 *(.data)
 *(.data*)
 .data.SystemCoreClock
                0x20000000        0x4 Core\Src\system_stm32l4xx.o
                0x20000000                SystemCoreClock
 .data.uwTickPrio
                0x20000004        0x4 Drivers\STM32L4xx_HAL_Driver\Src\stm32l4xx_hal.o
                0x20000004                uwTickPrio
 .data.uwTickFreq
                0x20000008        0x1 Drivers\STM32L4xx_HAL_Driver\Src\stm32l4xx_hal.o
                0x20000008                uwTickFreq
 *fill*         0x20000009        0x3 
 .data.HID_Class
                0x2000000c       0x20 Middlewares\ST\STM32_USB_Host_Library\Class\HID\Src\usbh_hid.o
                0x2000000c                HID_Class
 .data._impure_ptr
                0x2000002c        0x4 c:/program files (x86)/atollic/truestudio for stm32 9.3.0/armtools/bin/../lib/gcc/arm-atollic-eabi/6.3.1/../../../../arm-atollic-eabi/lib/armv7e-m/fpu\libc_nano.a(lib_a-impure.o)
                0x2000002c                _impure_ptr
 .data.impure_data
                0x20000030       0x60 c:/program files (x86)/atollic/truestudio for stm32 9.3.0/armtools/bin/../lib/gcc/arm-atollic-eabi/6.3.1/../../../../arm-atollic-eabi/lib/armv7e-m/fpu\libc_nano.a(lib_a-impure.o)
                0x20000090                . = ALIGN (0x4)
                0x20000090                _edata = .

.igot.plt       0x20000090        0x0 load address 0x0800a284
 .igot.plt      0x20000090        0x0 c:/program files (x86)/atollic/truestudio for stm32 9.3.0/armtools/bin/../lib/gcc/arm-atollic-eabi/6.3.1/armv7e-m/fpu/crtbegin.o
                0x20000090                . = ALIGN (0x4)

.bss            0x20000090      0x7d4 load address 0x0800a284
                0x20000090                _sbss = .
                0x20000090                __bss_start__ = _sbss
 *(.bss)
 .bss           0x20000090       0x1c c:/program files (x86)/atollic/truestudio for stm32 9.3.0/armtools/bin/../lib/gcc/arm-atollic-eabi/6.3.1/armv7e-m/fpu/crtbegin.o
 *(.bss*)
 .bss.heap_end.7010
                0x200000ac        0x4 Core\Src\syscalls.o
 .bss.Appli_state
                0x200000b0        0x1 USB_HOST\App\usb_host.o
                0x200000b0                Appli_state
 *fill*         0x200000b1        0x3 
 .bss.__malloc_free_list
                0x200000b4        0x4 c:/program files (x86)/atollic/truestudio for stm32 9.3.0/armtools/bin/../lib/gcc/arm-atollic-eabi/6.3.1/../../../../arm-atollic-eabi/lib/armv7e-m/fpu\libc_nano.a(lib_a-nano-mallocr.o)
                0x200000b4                __malloc_free_list
 .bss.__malloc_sbrk_start
                0x200000b8        0x4 c:/program files (x86)/atollic/truestudio for stm32 9.3.0/armtools/bin/../lib/gcc/arm-atollic-eabi/6.3.1/../../../../arm-atollic-eabi/lib/armv7e-m/fpu\libc_nano.a(lib_a-nano-mallocr.o)
                0x200000b8                __malloc_sbrk_start
 *(COMMON)
 COMMON         0x200000bc       0x84 Core\Src\main.o
                0x200000bc                hlpuart1
 COMMON         0x20000140        0x4 Drivers\STM32L4xx_HAL_Driver\Src\stm32l4xx_hal.o
                0x20000140                uwTick
 COMMON         0x20000144       0x25 Middlewares\ST\STM32_USB_Host_Library\Class\HID\Src\usbh_hid_keybd.o
                0x20000144                keybd_report_data
                0x2000014c                keybd_rx_report_buf
                0x20000154                keybd_info
 *fill*         0x20000169        0x3 
 COMMON         0x2000016c       0x18 Middlewares\ST\STM32_USB_Host_Library\Class\HID\Src\usbh_hid_mouse.o
                0x2000016c                mouse_info
                0x20000174                mouse_report_data
                0x2000017c                mouse_rx_report_buf
 COMMON         0x20000184      0x3d8 USB_HOST\App\usb_host.o
                0x20000184                hUsbHostFS
 COMMON         0x2000055c      0x304 USB_HOST\Target\usbh_conf.o
                0x2000055c                hhcd_USB_OTG_FS
 COMMON         0x20000860        0x4 c:/program files (x86)/atollic/truestudio for stm32 9.3.0/armtools/bin/../lib/gcc/arm-atollic-eabi/6.3.1/../../../../arm-atollic-eabi/lib/armv7e-m/fpu\libc_nano.a(lib_a-reent.o)
                0x20000860                errno
                0x20000864                . = ALIGN (0x4)
                0x20000864                _ebss = .
                0x20000864                __bss_end__ = _ebss

._user_heap_stack
                0x20000864      0x600 load address 0x0800a284
                0x20000864                . = ALIGN (0x4)
                0x20000864                PROVIDE (end, .)
                [!provide]                PROVIDE (_end, .)
                0x20000a64                . = (. + _Min_Heap_Size)
 *fill*         0x20000864      0x200 
                0x20000e64                . = (. + _Min_Stack_Size)
 *fill*         0x20000a64      0x400 
                0x20000e64                . = ALIGN (0x4)

/DISCARD/
 libc.a(*)
 libm.a(*)
 libgcc.a(*)

.ARM.attributes
                0x00000000       0x30
 *(.ARM.attributes)
 .ARM.attributes
                0x00000000       0x22 c:/program files (x86)/atollic/truestudio for stm32 9.3.0/armtools/bin/../lib/gcc/arm-atollic-eabi/6.3.1/armv7e-m/fpu/crti.o
 .ARM.attributes
                0x00000022       0x34 c:/program files (x86)/atollic/truestudio for stm32 9.3.0/armtools/bin/../lib/gcc/arm-atollic-eabi/6.3.1/armv7e-m/fpu/crtbegin.o
 .ARM.attributes
                0x00000056       0x39 Core\Src\main.o
 .ARM.attributes
                0x0000008f       0x39 Core\Src\stm32l4xx_hal_msp.o
 .ARM.attributes
                0x000000c8       0x39 Core\Src\stm32l4xx_it.o
 .ARM.attributes
                0x00000101       0x39 Core\Src\syscalls.o
 .ARM.attributes
                0x0000013a       0x39 Core\Src\system_stm32l4xx.o
 .ARM.attributes
                0x00000173       0x39 Drivers\STM32L4xx_HAL_Driver\Src\stm32l4xx_hal.o
 .ARM.attributes
                0x000001ac       0x39 Drivers\STM32L4xx_HAL_Driver\Src\stm32l4xx_hal_cortex.o
 .ARM.attributes
                0x000001e5       0x39 Drivers\STM32L4xx_HAL_Driver\Src\stm32l4xx_hal_gpio.o
 .ARM.attributes
                0x0000021e       0x39 Drivers\STM32L4xx_HAL_Driver\Src\stm32l4xx_hal_hcd.o
 .ARM.attributes
                0x00000257       0x39 Drivers\STM32L4xx_HAL_Driver\Src\stm32l4xx_hal_pwr.o
 .ARM.attributes
                0x00000290       0x39 Drivers\STM32L4xx_HAL_Driver\Src\stm32l4xx_hal_pwr_ex.o
 .ARM.attributes
                0x000002c9       0x39 Drivers\STM32L4xx_HAL_Driver\Src\stm32l4xx_hal_rcc.o
 .ARM.attributes
                0x00000302       0x39 Drivers\STM32L4xx_HAL_Driver\Src\stm32l4xx_hal_rcc_ex.o
 .ARM.attributes
                0x0000033b       0x39 Drivers\STM32L4xx_HAL_Driver\Src\stm32l4xx_hal_uart.o
 .ARM.attributes
                0x00000374       0x39 Drivers\STM32L4xx_HAL_Driver\Src\stm32l4xx_ll_usb.o
 .ARM.attributes
                0x000003ad       0x39 Middlewares\ST\STM32_USB_Host_Library\Class\HID\Src\usbh_hid.o
 .ARM.attributes
                0x000003e6       0x39 Middlewares\ST\STM32_USB_Host_Library\Class\HID\Src\usbh_hid_keybd.o
 .ARM.attributes
                0x0000041f       0x39 Middlewares\ST\STM32_USB_Host_Library\Class\HID\Src\usbh_hid_mouse.o
 .ARM.attributes
                0x00000458       0x39 Middlewares\ST\STM32_USB_Host_Library\Class\HID\Src\usbh_hid_parser.o
 .ARM.attributes
                0x00000491       0x39 Middlewares\ST\STM32_USB_Host_Library\Core\Src\usbh_core.o
 .ARM.attributes
                0x000004ca       0x39 Middlewares\ST\STM32_USB_Host_Library\Core\Src\usbh_ctlreq.o
 .ARM.attributes
                0x00000503       0x39 Middlewares\ST\STM32_USB_Host_Library\Core\Src\usbh_ioreq.o
 .ARM.attributes
                0x0000053c       0x39 Middlewares\ST\STM32_USB_Host_Library\Core\Src\usbh_pipes.o
 .ARM.attributes
                0x00000575       0x39 USB_HOST\App\usb_host.o
 .ARM.attributes
                0x000005ae       0x39 USB_HOST\Target\usbh_conf.o
 .ARM.attributes
                0x000005e7       0x39 USB_HOST\Target\usbh_platform.o
 .ARM.attributes
                0x00000620       0x21 startup\startup_stm32l496xx.o
 .ARM.attributes
                0x00000641       0x34 c:/program files (x86)/atollic/truestudio for stm32 9.3.0/armtools/bin/../lib/gcc/arm-atollic-eabi/6.3.1/../../../../arm-atollic-eabi/lib/armv7e-m/fpu\libc_nano.a(lib_a-errno.o)
 .ARM.attributes
                0x00000675       0x34 c:/program files (x86)/atollic/truestudio for stm32 9.3.0/armtools/bin/../lib/gcc/arm-atollic-eabi/6.3.1/../../../../arm-atollic-eabi/lib/armv7e-m/fpu\libc_nano.a(lib_a-impure.o)
 .ARM.attributes
                0x000006a9       0x34 c:/program files (x86)/atollic/truestudio for stm32 9.3.0/armtools/bin/../lib/gcc/arm-atollic-eabi/6.3.1/../../../../arm-atollic-eabi/lib/armv7e-m/fpu\libc_nano.a(lib_a-init.o)
 .ARM.attributes
                0x000006dd       0x34 c:/program files (x86)/atollic/truestudio for stm32 9.3.0/armtools/bin/../lib/gcc/arm-atollic-eabi/6.3.1/../../../../arm-atollic-eabi/lib/armv7e-m/fpu\libc_nano.a(lib_a-malloc.o)
 .ARM.attributes
                0x00000711       0x34 c:/program files (x86)/atollic/truestudio for stm32 9.3.0/armtools/bin/../lib/gcc/arm-atollic-eabi/6.3.1/../../../../arm-atollic-eabi/lib/armv7e-m/fpu\libc_nano.a(lib_a-memset.o)
 .ARM.attributes
                0x00000745       0x34 c:/program files (x86)/atollic/truestudio for stm32 9.3.0/armtools/bin/../lib/gcc/arm-atollic-eabi/6.3.1/../../../../arm-atollic-eabi/lib/armv7e-m/fpu\libc_nano.a(lib_a-nano-freer.o)
 .ARM.attributes
                0x00000779       0x34 c:/program files (x86)/atollic/truestudio for stm32 9.3.0/armtools/bin/../lib/gcc/arm-atollic-eabi/6.3.1/../../../../arm-atollic-eabi/lib/armv7e-m/fpu\libc_nano.a(lib_a-nano-mallocr.o)
 .ARM.attributes
                0x000007ad       0x34 c:/program files (x86)/atollic/truestudio for stm32 9.3.0/armtools/bin/../lib/gcc/arm-atollic-eabi/6.3.1/../../../../arm-atollic-eabi/lib/armv7e-m/fpu\libc_nano.a(lib_a-printf.o)
 .ARM.attributes
                0x000007e1       0x34 c:/program files (x86)/atollic/truestudio for stm32 9.3.0/armtools/bin/../lib/gcc/arm-atollic-eabi/6.3.1/../../../../arm-atollic-eabi/lib/armv7e-m/fpu\libc_nano.a(lib_a-putchar.o)
 .ARM.attributes
                0x00000815       0x34 c:/program files (x86)/atollic/truestudio for stm32 9.3.0/armtools/bin/../lib/gcc/arm-atollic-eabi/6.3.1/../../../../arm-atollic-eabi/lib/armv7e-m/fpu\libc_nano.a(lib_a-sbrkr.o)
 .ARM.attributes
                0x00000849       0x34 c:/program files (x86)/atollic/truestudio for stm32 9.3.0/armtools/bin/../lib/gcc/arm-atollic-eabi/6.3.1/../../../../arm-atollic-eabi/lib/armv7e-m/fpu\libc_nano.a(lib_a-sprintf.o)
 .ARM.attributes
                0x0000087d       0x1b c:/program files (x86)/atollic/truestudio for stm32 9.3.0/armtools/bin/../lib/gcc/arm-atollic-eabi/6.3.1/../../../../arm-atollic-eabi/lib/armv7e-m/fpu\libc_nano.a(lib_a-strlen.o)
 .ARM.attributes
                0x00000898       0x34 c:/program files (x86)/atollic/truestudio for stm32 9.3.0/armtools/bin/../lib/gcc/arm-atollic-eabi/6.3.1/../../../../arm-atollic-eabi/lib/armv7e-m/fpu\libc_nano.a(lib_a-findfp.o)
 .ARM.attributes
                0x000008cc       0x34 c:/program files (x86)/atollic/truestudio for stm32 9.3.0/armtools/bin/../lib/gcc/arm-atollic-eabi/6.3.1/../../../../arm-atollic-eabi/lib/armv7e-m/fpu\libc_nano.a(lib_a-fwalk.o)
 .ARM.attributes
                0x00000900       0x34 c:/program files (x86)/atollic/truestudio for stm32 9.3.0/armtools/bin/../lib/gcc/arm-atollic-eabi/6.3.1/../../../../arm-atollic-eabi/lib/armv7e-m/fpu\libc_nano.a(lib_a-mlock.o)
 .ARM.attributes
                0x00000934       0x34 c:/program files (x86)/atollic/truestudio for stm32 9.3.0/armtools/bin/../lib/gcc/arm-atollic-eabi/6.3.1/../../../../arm-atollic-eabi/lib/armv7e-m/fpu\libc_nano.a(lib_a-nano-svfprintf.o)
 .ARM.attributes
                0x00000968       0x34 c:/program files (x86)/atollic/truestudio for stm32 9.3.0/armtools/bin/../lib/gcc/arm-atollic-eabi/6.3.1/../../../../arm-atollic-eabi/lib/armv7e-m/fpu\libc_nano.a(lib_a-nano-vfprintf.o)
 .ARM.attributes
                0x0000099c       0x34 c:/program files (x86)/atollic/truestudio for stm32 9.3.0/armtools/bin/../lib/gcc/arm-atollic-eabi/6.3.1/../../../../arm-atollic-eabi/lib/armv7e-m/fpu\libc_nano.a(lib_a-nano-vfprintf_i.o)
 .ARM.attributes
                0x000009d0       0x34 c:/program files (x86)/atollic/truestudio for stm32 9.3.0/armtools/bin/../lib/gcc/arm-atollic-eabi/6.3.1/../../../../arm-atollic-eabi/lib/armv7e-m/fpu\libc_nano.a(lib_a-putc.o)
 .ARM.attributes
                0x00000a04       0x34 c:/program files (x86)/atollic/truestudio for stm32 9.3.0/armtools/bin/../lib/gcc/arm-atollic-eabi/6.3.1/../../../../arm-atollic-eabi/lib/armv7e-m/fpu\libc_nano.a(lib_a-reent.o)
 .ARM.attributes
                0x00000a38       0x34 c:/program files (x86)/atollic/truestudio for stm32 9.3.0/armtools/bin/../lib/gcc/arm-atollic-eabi/6.3.1/../../../../arm-atollic-eabi/lib/armv7e-m/fpu\libc_nano.a(lib_a-stdio.o)
 .ARM.attributes
                0x00000a6c       0x34 c:/program files (x86)/atollic/truestudio for stm32 9.3.0/armtools/bin/../lib/gcc/arm-atollic-eabi/6.3.1/../../../../arm-atollic-eabi/lib/armv7e-m/fpu\libc_nano.a(lib_a-wbuf.o)
 .ARM.attributes
                0x00000aa0       0x34 c:/program files (x86)/atollic/truestudio for stm32 9.3.0/armtools/bin/../lib/gcc/arm-atollic-eabi/6.3.1/../../../../arm-atollic-eabi/lib/armv7e-m/fpu\libc_nano.a(lib_a-writer.o)
 .ARM.attributes
                0x00000ad4       0x34 c:/program files (x86)/atollic/truestudio for stm32 9.3.0/armtools/bin/../lib/gcc/arm-atollic-eabi/6.3.1/../../../../arm-atollic-eabi/lib/armv7e-m/fpu\libc_nano.a(lib_a-wsetup.o)
 .ARM.attributes
                0x00000b08       0x34 c:/program files (x86)/atollic/truestudio for stm32 9.3.0/armtools/bin/../lib/gcc/arm-atollic-eabi/6.3.1/../../../../arm-atollic-eabi/lib/armv7e-m/fpu\libc_nano.a(lib_a-closer.o)
 .ARM.attributes
                0x00000b3c       0x34 c:/program files (x86)/atollic/truestudio for stm32 9.3.0/armtools/bin/../lib/gcc/arm-atollic-eabi/6.3.1/../../../../arm-atollic-eabi/lib/armv7e-m/fpu\libc_nano.a(lib_a-fflush.o)
 .ARM.attributes
                0x00000b70       0x34 c:/program files (x86)/atollic/truestudio for stm32 9.3.0/armtools/bin/../lib/gcc/arm-atollic-eabi/6.3.1/../../../../arm-atollic-eabi/lib/armv7e-m/fpu\libc_nano.a(lib_a-lseekr.o)
 .ARM.attributes
                0x00000ba4       0x34 c:/program files (x86)/atollic/truestudio for stm32 9.3.0/armtools/bin/../lib/gcc/arm-atollic-eabi/6.3.1/../../../../arm-atollic-eabi/lib/armv7e-m/fpu\libc_nano.a(lib_a-makebuf.o)
 .ARM.attributes
                0x00000bd8       0x20 c:/program files (x86)/atollic/truestudio for stm32 9.3.0/armtools/bin/../lib/gcc/arm-atollic-eabi/6.3.1/../../../../arm-atollic-eabi/lib/armv7e-m/fpu\libc_nano.a(lib_a-memchr.o)
 .ARM.attributes
                0x00000bf8       0x34 c:/program files (x86)/atollic/truestudio for stm32 9.3.0/armtools/bin/../lib/gcc/arm-atollic-eabi/6.3.1/../../../../arm-atollic-eabi/lib/armv7e-m/fpu\libc_nano.a(lib_a-memcpy-stub.o)
 .ARM.attributes
                0x00000c2c       0x34 c:/program files (x86)/atollic/truestudio for stm32 9.3.0/armtools/bin/../lib/gcc/arm-atollic-eabi/6.3.1/../../../../arm-atollic-eabi/lib/armv7e-m/fpu\libc_nano.a(lib_a-memmove.o)
 .ARM.attributes
                0x00000c60       0x34 c:/program files (x86)/atollic/truestudio for stm32 9.3.0/armtools/bin/../lib/gcc/arm-atollic-eabi/6.3.1/../../../../arm-atollic-eabi/lib/armv7e-m/fpu\libc_nano.a(lib_a-nano-reallocr.o)
 .ARM.attributes
                0x00000c94       0x34 c:/program files (x86)/atollic/truestudio for stm32 9.3.0/armtools/bin/../lib/gcc/arm-atollic-eabi/6.3.1/../../../../arm-atollic-eabi/lib/armv7e-m/fpu\libc_nano.a(lib_a-readr.o)
 .ARM.attributes
                0x00000cc8       0x34 c:/program files (x86)/atollic/truestudio for stm32 9.3.0/armtools/bin/../lib/gcc/arm-atollic-eabi/6.3.1/../../../../arm-atollic-eabi/lib/armv7e-m/fpu\libc_nano.a(lib_a-fstatr.o)
 .ARM.attributes
                0x00000cfc       0x34 c:/program files (x86)/atollic/truestudio for stm32 9.3.0/armtools/bin/../lib/gcc/arm-atollic-eabi/6.3.1/../../../../arm-atollic-eabi/lib/armv7e-m/fpu\libc_nano.a(lib_a-isattyr.o)
 .ARM.attributes
                0x00000d30       0x34 c:/program files (x86)/atollic/truestudio for stm32 9.3.0/armtools/bin/../lib/gcc/arm-atollic-eabi/6.3.1/../../../../arm-atollic-eabi/lib/armv7e-m/fpu\libc_nano.a(lib_a-nano-msizer.o)
 .ARM.attributes
                0x00000d64       0x22 c:/program files (x86)/atollic/truestudio for stm32 9.3.0/armtools/bin/../lib/gcc/arm-atollic-eabi/6.3.1/armv7e-m/fpu\libgcc.a(_aeabi_uldivmod.o)
 .ARM.attributes
                0x00000d86       0x34 c:/program files (x86)/atollic/truestudio for stm32 9.3.0/armtools/bin/../lib/gcc/arm-atollic-eabi/6.3.1/armv7e-m/fpu\libgcc.a(_udivmoddi4.o)
 .ARM.attributes
                0x00000dba       0x22 c:/program files (x86)/atollic/truestudio for stm32 9.3.0/armtools/bin/../lib/gcc/arm-atollic-eabi/6.3.1/armv7e-m/fpu\libgcc.a(_dvmd_tls.o)
 .ARM.attributes
                0x00000ddc       0x22 c:/program files (x86)/atollic/truestudio for stm32 9.3.0/armtools/bin/../lib/gcc/arm-atollic-eabi/6.3.1/armv7e-m/fpu/crtn.o
OUTPUT(USB_WheeL_Car.elf elf32-littlearm)

.debug_info     0x00000000    0x20e86
 .debug_info    0x00000000     0x1ff5 Core\Src\main.o
 .debug_info    0x00001ff5      0xe02 Core\Src\stm32l4xx_hal_msp.o
 .debug_info    0x00002df7      0x84b Core\Src\stm32l4xx_it.o
 .debug_info    0x00003642      0xf16 Core\Src\syscalls.o
 .debug_info    0x00004558      0x71f Core\Src\system_stm32l4xx.o
 .debug_info    0x00004c77      0xc7a Drivers\STM32L4xx_HAL_Driver\Src\stm32l4xx_hal.o
 .debug_info    0x000058f1      0xfa0 Drivers\STM32L4xx_HAL_Driver\Src\stm32l4xx_hal_cortex.o
 .debug_info    0x00006891      0x9d8 Drivers\STM32L4xx_HAL_Driver\Src\stm32l4xx_hal_gpio.o
 .debug_info    0x00007269      0xfec Drivers\STM32L4xx_HAL_Driver\Src\stm32l4xx_hal_hcd.o
 .debug_info    0x00008255      0xac2 Drivers\STM32L4xx_HAL_Driver\Src\stm32l4xx_hal_pwr.o
 .debug_info    0x00008d17      0xb4d Drivers\STM32L4xx_HAL_Driver\Src\stm32l4xx_hal_pwr_ex.o
 .debug_info    0x00009864      0xd7d Drivers\STM32L4xx_HAL_Driver\Src\stm32l4xx_hal_rcc.o
 .debug_info    0x0000a5e1     0x11c9 Drivers\STM32L4xx_HAL_Driver\Src\stm32l4xx_hal_rcc_ex.o
 .debug_info    0x0000b7aa     0x4243 Drivers\STM32L4xx_HAL_Driver\Src\stm32l4xx_hal_uart.o
 .debug_info    0x0000f9ed     0x1b26 Drivers\STM32L4xx_HAL_Driver\Src\stm32l4xx_ll_usb.o
 .debug_info    0x00011513     0x1b55 Middlewares\ST\STM32_USB_Host_Library\Class\HID\Src\usbh_hid.o
 .debug_info    0x00013068     0x1889 Middlewares\ST\STM32_USB_Host_Library\Class\HID\Src\usbh_hid_keybd.o
 .debug_info    0x000148f1     0x1738 Middlewares\ST\STM32_USB_Host_Library\Class\HID\Src\usbh_hid_mouse.o
 .debug_info    0x00016029     0x149b Middlewares\ST\STM32_USB_Host_Library\Class\HID\Src\usbh_hid_parser.o
 .debug_info    0x000174c4     0x17ea Middlewares\ST\STM32_USB_Host_Library\Core\Src\usbh_core.o
 .debug_info    0x00018cae     0x18aa Middlewares\ST\STM32_USB_Host_Library\Core\Src\usbh_ctlreq.o
 .debug_info    0x0001a558     0x1617 Middlewares\ST\STM32_USB_Host_Library\Core\Src\usbh_ioreq.o
 .debug_info    0x0001bb6f     0x145a Middlewares\ST\STM32_USB_Host_Library\Core\Src\usbh_pipes.o
 .debug_info    0x0001cfc9     0x13ad USB_HOST\App\usb_host.o
 .debug_info    0x0001e376     0x26a1 USB_HOST\Target\usbh_conf.o
 .debug_info    0x00020a17      0x3c4 USB_HOST\Target\usbh_platform.o
 .debug_info    0x00020ddb       0xab startup\startup_stm32l496xx.o

.debug_abbrev   0x00000000     0x3cc2
 .debug_abbrev  0x00000000      0x346 Core\Src\main.o
 .debug_abbrev  0x00000346      0x187 Core\Src\stm32l4xx_hal_msp.o
 .debug_abbrev  0x000004cd      0x15f Core\Src\stm32l4xx_it.o
 .debug_abbrev  0x0000062c      0x271 Core\Src\syscalls.o
 .debug_abbrev  0x0000089d      0x142 Core\Src\system_stm32l4xx.o
 .debug_abbrev  0x000009df      0x1f6 Drivers\STM32L4xx_HAL_Driver\Src\stm32l4xx_hal.o
 .debug_abbrev  0x00000bd5      0x2f5 Drivers\STM32L4xx_HAL_Driver\Src\stm32l4xx_hal_cortex.o
 .debug_abbrev  0x00000eca      0x1bb Drivers\STM32L4xx_HAL_Driver\Src\stm32l4xx_hal_gpio.o
 .debug_abbrev  0x00001085      0x250 Drivers\STM32L4xx_HAL_Driver\Src\stm32l4xx_hal_hcd.o
 .debug_abbrev  0x000012d5      0x186 Drivers\STM32L4xx_HAL_Driver\Src\stm32l4xx_hal_pwr.o
 .debug_abbrev  0x0000145b      0x1c6 Drivers\STM32L4xx_HAL_Driver\Src\stm32l4xx_hal_pwr_ex.o
 .debug_abbrev  0x00001621      0x240 Drivers\STM32L4xx_HAL_Driver\Src\stm32l4xx_hal_rcc.o
 .debug_abbrev  0x00001861      0x233 Drivers\STM32L4xx_HAL_Driver\Src\stm32l4xx_hal_rcc_ex.o
 .debug_abbrev  0x00001a94      0x27a Drivers\STM32L4xx_HAL_Driver\Src\stm32l4xx_hal_uart.o
 .debug_abbrev  0x00001d0e      0x265 Drivers\STM32L4xx_HAL_Driver\Src\stm32l4xx_ll_usb.o
 .debug_abbrev  0x00001f73      0x348 Middlewares\ST\STM32_USB_Host_Library\Class\HID\Src\usbh_hid.o
 .debug_abbrev  0x000022bb      0x2bb Middlewares\ST\STM32_USB_Host_Library\Class\HID\Src\usbh_hid_keybd.o
 .debug_abbrev  0x00002576      0x290 Middlewares\ST\STM32_USB_Host_Library\Class\HID\Src\usbh_hid_mouse.o
 .debug_abbrev  0x00002806      0x27d Middlewares\ST\STM32_USB_Host_Library\Class\HID\Src\usbh_hid_parser.o
 .debug_abbrev  0x00002a83      0x33f Middlewares\ST\STM32_USB_Host_Library\Core\Src\usbh_core.o
 .debug_abbrev  0x00002dc2      0x314 Middlewares\ST\STM32_USB_Host_Library\Core\Src\usbh_ctlreq.o
 .debug_abbrev  0x000030d6      0x272 Middlewares\ST\STM32_USB_Host_Library\Core\Src\usbh_ioreq.o
 .debug_abbrev  0x00003348      0x2aa Middlewares\ST\STM32_USB_Host_Library\Core\Src\usbh_pipes.o
 .debug_abbrev  0x000035f2      0x261 USB_HOST\App\usb_host.o
 .debug_abbrev  0x00003853      0x342 USB_HOST\Target\usbh_conf.o
 .debug_abbrev  0x00003b95      0x11b USB_HOST\Target\usbh_platform.o
 .debug_abbrev  0x00003cb0       0x12 startup\startup_stm32l496xx.o

.debug_aranges  0x00000000     0x1128
 .debug_aranges
                0x00000000       0x58 Core\Src\main.o
 .debug_aranges
                0x00000058       0x30 Core\Src\stm32l4xx_hal_msp.o
 .debug_aranges
                0x00000088       0x68 Core\Src\stm32l4xx_it.o
 .debug_aranges
                0x000000f0       0xb0 Core\Src\syscalls.o
 .debug_aranges
                0x000001a0       0x28 Core\Src\system_stm32l4xx.o
 .debug_aranges
                0x000001c8      0x130 Drivers\STM32L4xx_HAL_Driver\Src\stm32l4xx_hal.o
 .debug_aranges
                0x000002f8      0x118 Drivers\STM32L4xx_HAL_Driver\Src\stm32l4xx_hal_cortex.o
 .debug_aranges
                0x00000410       0x58 Drivers\STM32L4xx_HAL_Driver\Src\stm32l4xx_hal_gpio.o
 .debug_aranges
                0x00000468       0xf0 Drivers\STM32L4xx_HAL_Driver\Src\stm32l4xx_hal_hcd.o
 .debug_aranges
                0x00000558       0x98 Drivers\STM32L4xx_HAL_Driver\Src\stm32l4xx_hal_pwr.o
 .debug_aranges
                0x000005f0      0x150 Drivers\STM32L4xx_HAL_Driver\Src\stm32l4xx_hal_pwr_ex.o
 .debug_aranges
                0x00000740       0x90 Drivers\STM32L4xx_HAL_Driver\Src\stm32l4xx_hal_rcc.o
 .debug_aranges
                0x000007d0      0x108 Drivers\STM32L4xx_HAL_Driver\Src\stm32l4xx_hal_rcc_ex.o
 .debug_aranges
                0x000008d8      0x228 Drivers\STM32L4xx_HAL_Driver\Src\stm32l4xx_hal_uart.o
 .debug_aranges
                0x00000b00      0x1a0 Drivers\STM32L4xx_HAL_Driver\Src\stm32l4xx_ll_usb.o
 .debug_aranges
                0x00000ca0       0xa8 Middlewares\ST\STM32_USB_Host_Library\Class\HID\Src\usbh_hid.o
 .debug_aranges
                0x00000d48       0x38 Middlewares\ST\STM32_USB_Host_Library\Class\HID\Src\usbh_hid_keybd.o
 .debug_aranges
                0x00000d80       0x30 Middlewares\ST\STM32_USB_Host_Library\Class\HID\Src\usbh_hid_mouse.o
 .debug_aranges
                0x00000db0       0x28 Middlewares\ST\STM32_USB_Host_Library\Class\HID\Src\usbh_hid_parser.o
 .debug_aranges
                0x00000dd8       0xc0 Middlewares\ST\STM32_USB_Host_Library\Core\Src\usbh_core.o
 .debug_aranges
                0x00000e98       0xa0 Middlewares\ST\STM32_USB_Host_Library\Core\Src\usbh_ctlreq.o
 .debug_aranges
                0x00000f38       0x60 Middlewares\ST\STM32_USB_Host_Library\Core\Src\usbh_ioreq.o
 .debug_aranges
                0x00000f98       0x40 Middlewares\ST\STM32_USB_Host_Library\Core\Src\usbh_pipes.o
 .debug_aranges
                0x00000fd8       0x30 USB_HOST\App\usb_host.o
 .debug_aranges
                0x00001008       0xd8 USB_HOST\Target\usbh_conf.o
 .debug_aranges
                0x000010e0       0x20 USB_HOST\Target\usbh_platform.o
 .debug_aranges
                0x00001100       0x28 startup\startup_stm32l496xx.o

.debug_ranges   0x00000000      0xfb0
 .debug_ranges  0x00000000       0x48 Core\Src\main.o
 .debug_ranges  0x00000048       0x20 Core\Src\stm32l4xx_hal_msp.o
 .debug_ranges  0x00000068       0x58 Core\Src\stm32l4xx_it.o
 .debug_ranges  0x000000c0       0xa0 Core\Src\syscalls.o
 .debug_ranges  0x00000160       0x18 Core\Src\system_stm32l4xx.o
 .debug_ranges  0x00000178      0x120 Drivers\STM32L4xx_HAL_Driver\Src\stm32l4xx_hal.o
 .debug_ranges  0x00000298      0x108 Drivers\STM32L4xx_HAL_Driver\Src\stm32l4xx_hal_cortex.o
 .debug_ranges  0x000003a0       0x48 Drivers\STM32L4xx_HAL_Driver\Src\stm32l4xx_hal_gpio.o
 .debug_ranges  0x000003e8       0xe0 Drivers\STM32L4xx_HAL_Driver\Src\stm32l4xx_hal_hcd.o
 .debug_ranges  0x000004c8       0x88 Drivers\STM32L4xx_HAL_Driver\Src\stm32l4xx_hal_pwr.o
 .debug_ranges  0x00000550      0x140 Drivers\STM32L4xx_HAL_Driver\Src\stm32l4xx_hal_pwr_ex.o
 .debug_ranges  0x00000690       0x80 Drivers\STM32L4xx_HAL_Driver\Src\stm32l4xx_hal_rcc.o
 .debug_ranges  0x00000710       0xf8 Drivers\STM32L4xx_HAL_Driver\Src\stm32l4xx_hal_rcc_ex.o
 .debug_ranges  0x00000808      0x248 Drivers\STM32L4xx_HAL_Driver\Src\stm32l4xx_hal_uart.o
 .debug_ranges  0x00000a50      0x190 Drivers\STM32L4xx_HAL_Driver\Src\stm32l4xx_ll_usb.o
 .debug_ranges  0x00000be0       0x98 Middlewares\ST\STM32_USB_Host_Library\Class\HID\Src\usbh_hid.o
 .debug_ranges  0x00000c78       0x28 Middlewares\ST\STM32_USB_Host_Library\Class\HID\Src\usbh_hid_keybd.o
 .debug_ranges  0x00000ca0       0x20 Middlewares\ST\STM32_USB_Host_Library\Class\HID\Src\usbh_hid_mouse.o
 .debug_ranges  0x00000cc0       0x18 Middlewares\ST\STM32_USB_Host_Library\Class\HID\Src\usbh_hid_parser.o
 .debug_ranges  0x00000cd8       0xb0 Middlewares\ST\STM32_USB_Host_Library\Core\Src\usbh_core.o
 .debug_ranges  0x00000d88       0x90 Middlewares\ST\STM32_USB_Host_Library\Core\Src\usbh_ctlreq.o
 .debug_ranges  0x00000e18       0x50 Middlewares\ST\STM32_USB_Host_Library\Core\Src\usbh_ioreq.o
 .debug_ranges  0x00000e68       0x30 Middlewares\ST\STM32_USB_Host_Library\Core\Src\usbh_pipes.o
 .debug_ranges  0x00000e98       0x20 USB_HOST\App\usb_host.o
 .debug_ranges  0x00000eb8       0xc8 USB_HOST\Target\usbh_conf.o
 .debug_ranges  0x00000f80       0x10 USB_HOST\Target\usbh_platform.o
 .debug_ranges  0x00000f90       0x20 startup\startup_stm32l496xx.o

.debug_line     0x00000000     0x9d9b
 .debug_line    0x00000000      0x523 Core\Src\main.o
 .debug_line    0x00000523      0x2af Core\Src\stm32l4xx_hal_msp.o
 .debug_line    0x000007d2      0x2ef Core\Src\stm32l4xx_it.o
 .debug_line    0x00000ac1      0x3dd Core\Src\syscalls.o
 .debug_line    0x00000e9e      0x247 Core\Src\system_stm32l4xx.o
 .debug_line    0x000010e5      0x4c5 Drivers\STM32L4xx_HAL_Driver\Src\stm32l4xx_hal.o
 .debug_line    0x000015aa      0x583 Drivers\STM32L4xx_HAL_Driver\Src\stm32l4xx_hal_cortex.o
 .debug_line    0x00001b2d      0x3f7 Drivers\STM32L4xx_HAL_Driver\Src\stm32l4xx_hal_gpio.o
 .debug_line    0x00001f24      0x6f4 Drivers\STM32L4xx_HAL_Driver\Src\stm32l4xx_hal_hcd.o
 .debug_line    0x00002618      0x385 Drivers\STM32L4xx_HAL_Driver\Src\stm32l4xx_hal_pwr.o
 .debug_line    0x0000299d      0x5fd Drivers\STM32L4xx_HAL_Driver\Src\stm32l4xx_hal_pwr_ex.o
 .debug_line    0x00002f9a      0x59e Drivers\STM32L4xx_HAL_Driver\Src\stm32l4xx_hal_rcc.o
 .debug_line    0x00003538      0x967 Drivers\STM32L4xx_HAL_Driver\Src\stm32l4xx_hal_rcc_ex.o
 .debug_line    0x00003e9f     0x1f81 Drivers\STM32L4xx_HAL_Driver\Src\stm32l4xx_hal_uart.o
 .debug_line    0x00005e20      0xa19 Drivers\STM32L4xx_HAL_Driver\Src\stm32l4xx_ll_usb.o
 .debug_line    0x00006839      0x65e Middlewares\ST\STM32_USB_Host_Library\Class\HID\Src\usbh_hid.o
 .debug_line    0x00006e97      0x46f Middlewares\ST\STM32_USB_Host_Library\Class\HID\Src\usbh_hid_keybd.o
 .debug_line    0x00007306      0x43f Middlewares\ST\STM32_USB_Host_Library\Class\HID\Src\usbh_hid_mouse.o
 .debug_line    0x00007745      0x473 Middlewares\ST\STM32_USB_Host_Library\Class\HID\Src\usbh_hid_parser.o
 .debug_line    0x00007bb8      0x75f Middlewares\ST\STM32_USB_Host_Library\Core\Src\usbh_core.o
 .debug_line    0x00008317      0x619 Middlewares\ST\STM32_USB_Host_Library\Core\Src\usbh_ctlreq.o
 .debug_line    0x00008930      0x41e Middlewares\ST\STM32_USB_Host_Library\Core\Src\usbh_ioreq.o
 .debug_line    0x00008d4e      0x3d6 Middlewares\ST\STM32_USB_Host_Library\Core\Src\usbh_pipes.o
 .debug_line    0x00009124      0x3d7 USB_HOST\App\usb_host.o
 .debug_line    0x000094fb      0x5e8 USB_HOST\Target\usbh_conf.o
 .debug_line    0x00009ae3      0x237 USB_HOST\Target\usbh_platform.o
 .debug_line    0x00009d1a       0x81 startup\startup_stm32l496xx.o

.debug_str      0x00000000     0x6098
 .debug_str     0x00000000     0x16be Core\Src\main.o
                               0x1889 (size before relaxing)
 .debug_str     0x000016be      0x2ed Core\Src\stm32l4xx_hal_msp.o
                                0xcfc (size before relaxing)
 .debug_str     0x000019ab      0x46a Core\Src\stm32l4xx_it.o
                                0x947 (size before relaxing)
 .debug_str     0x00001e15      0x227 Core\Src\syscalls.o
                                0x88c (size before relaxing)
 .debug_str     0x0000203c       0xb8 Core\Src\system_stm32l4xx.o
                                0x665 (size before relaxing)
 .debug_str     0x000020f4      0x951 Drivers\STM32L4xx_HAL_Driver\Src\stm32l4xx_hal.o
                                0xf65 (size before relaxing)
 .debug_str     0x00002a45      0x489 Drivers\STM32L4xx_HAL_Driver\Src\stm32l4xx_hal_cortex.o
                                0xf36 (size before relaxing)
 .debug_str     0x00002ece      0x14f Drivers\STM32L4xx_HAL_Driver\Src\stm32l4xx_hal_gpio.o
                                0x819 (size before relaxing)
 .debug_str     0x0000301d      0x3e8 Drivers\STM32L4xx_HAL_Driver\Src\stm32l4xx_hal_hcd.o
                                0xcaf (size before relaxing)
 .debug_str     0x00003405      0x282 Drivers\STM32L4xx_HAL_Driver\Src\stm32l4xx_hal_pwr.o
                                0x90d (size before relaxing)